[INFO] Scanning for projects...
[WARNING] 
[WARNING] Some problems were encountered while building the effective model for com.example:demo:jar:0.0.1-SNAPSHOT
[WARNING] 'build.plugins.plugin.(groupId:artifactId)' must be unique but found duplicate declaration of plugin org.springframework.boot:spring-boot-maven-plugin @ line 167, column 12
[WARNING] 
[WARNING] It is highly recommended to fix these problems because they threaten the stability of your build.
[WARNING] 
[WARNING] For this reason, future Maven versions might no longer support building such malformed projects.
[WARNING] 
[INFO] 
[INFO] --------------------------< com.example:demo >--------------------------
[INFO] Building demo 0.0.1-SNAPSHOT
[INFO]   from pom.xml
[INFO] --------------------------------[ jar ]---------------------------------
[INFO] 
[INFO] --- clean:3.5.0:clean (default-clean) @ demo ---
[INFO] Deleting C:\ISPP\Cerebrus\backend\target
[INFO] 
[INFO] --- jacoco:0.8.11:prepare-agent (default) @ demo ---
[INFO] argLine set to "-javaagent:C:\\Users\\JUAN ANTONIO\\.m2\\repository\\org\\jacoco\\org.jacoco.agent\\0.8.11\\org.jacoco.agent-0.8.11-runtime.jar=destfile=C:\\ISPP\\Cerebrus\\backend\\target\\jacoco.exec"
[INFO] 
[INFO] --- resources:3.3.1:resources (default-resources) @ demo ---
[INFO] Copying 2 resources from src\main\resources to target\classes
[INFO] Copying 7 resources from src\main\resources to target\classes
[INFO] 
[INFO] --- compiler:3.14.1:compile (default-compile) @ demo ---
[INFO] Recompiling the module because of changed source code.
[INFO] Compiling 189 source files with javac [debug parameters release 21] to target\classes
[INFO] /C:/ISPP/Cerebrus/backend/src/main/java/com/cerebrus/exceptions/GlobalExceptionHandler.java: C:\ISPP\Cerebrus\backend\src\main\java\com\cerebrus\exceptions\GlobalExceptionHandler.java uses or overrides a deprecated API.
[INFO] /C:/ISPP/Cerebrus/backend/src/main/java/com/cerebrus/exceptions/GlobalExceptionHandler.java: Recompile with -Xlint:deprecation for details.
[INFO] /C:/ISPP/Cerebrus/backend/src/main/java/com/cerebrus/iaconnection/IaConnectionServiceImpl.java: C:\ISPP\Cerebrus\backend\src\main\java\com\cerebrus\iaconnection\IaConnectionServiceImpl.java uses unchecked or unsafe operations.
[INFO] /C:/ISPP/Cerebrus/backend/src/main/java/com/cerebrus/iaconnection/IaConnectionServiceImpl.java: Recompile with -Xlint:unchecked for details.
[INFO] 
[INFO] --- resources:3.3.1:testResources (default-testResources) @ demo ---
[INFO] skip non existing resourceDirectory C:\ISPP\Cerebrus\backend\src\test\resources
[INFO] 
[INFO] --- compiler:3.14.1:testCompile (default-testCompile) @ demo ---
[INFO] Recompiling the module because of changed dependency.
[INFO] Compiling 45 source files with javac [debug parameters release 21] to target\test-classes
[INFO] /C:/ISPP/Cerebrus/backend/src/test/java/com/cerebrus/estadisticas/EstadisticasMaestroControllerTest.java: C:\ISPP\Cerebrus\backend\src\test\java\com\cerebrus\estadisticas\EstadisticasMaestroControllerTest.java uses unchecked or unsafe operations.
[INFO] /C:/ISPP/Cerebrus/backend/src/test/java/com/cerebrus/estadisticas/EstadisticasMaestroControllerTest.java: Recompile with -Xlint:unchecked for details.
[INFO] -------------------------------------------------------------
[ERROR] COMPILATION ERROR : 
[INFO] -------------------------------------------------------------
[ERROR] /C:/ISPP/Cerebrus/backend/src/test/java/com/cerebrus/actividadTest/GeneralControllerTest.java:[72,36] method crearActGeneral in interface com.cerebrus.actividad.general.GeneralService cannot be applied to given types;
  required: java.lang.String,java.lang.String,java.lang.Integer,java.lang.Long,java.lang.Boolean,java.lang.String,java.lang.Boolean,java.lang.Boolean,java.lang.Boolean,java.lang.Boolean
  found:    java.lang.String,java.lang.String,int,long,boolean,java.lang.String
  reason: actual and formal argument lists differ in length
[ERROR] /C:/ISPP/Cerebrus/backend/src/test/java/com/cerebrus/actividadTest/GeneralControllerTest.java:[79,39] method crearActGeneral in interface com.cerebrus.actividad.general.GeneralService cannot be applied to given types;
  required: java.lang.String,java.lang.String,java.lang.Integer,java.lang.Long,java.lang.Boolean,java.lang.String,java.lang.Boolean,java.lang.Boolean,java.lang.Boolean,java.lang.Boolean
  found:    java.lang.String,java.lang.String,int,long,boolean,java.lang.String
  reason: actual and formal argument lists differ in length
[ERROR] /C:/ISPP/Cerebrus/backend/src/test/java/com/cerebrus/actividadTest/GeneralControllerTest.java:[99,36] method crearActGeneral in interface com.cerebrus.actividad.general.GeneralService cannot be applied to given types;
  required: java.lang.String,java.lang.String,java.lang.Integer,java.lang.Long,java.lang.Boolean,java.lang.String,java.lang.Boolean,java.lang.Boolean,java.lang.Boolean,java.lang.Boolean
  found:    java.lang.String,<nulltype>,int,long,boolean,<nulltype>
  reason: actual and formal argument lists differ in length
[ERROR] /C:/ISPP/Cerebrus/backend/src/test/java/com/cerebrus/actividadTest/GeneralControllerTest.java:[160,36] method crearActTipoTest in interface com.cerebrus.actividad.general.GeneralService cannot be applied to given types;
  required: java.lang.String,java.lang.String,java.lang.Integer,java.lang.Long,java.lang.Boolean,java.lang.String,java.util.List<java.lang.Long>,java.lang.Boolean,java.lang.Boolean,java.lang.Boolean,java.lang.Boolean
  found:    java.lang.String,java.lang.String,int,long,boolean,java.lang.String,java.lang.Object
  reason: actual and formal argument lists differ in length
[ERROR] /C:/ISPP/Cerebrus/backend/src/test/java/com/cerebrus/actividadTest/GeneralControllerTest.java:[168,39] method crearActTipoTest in interface com.cerebrus.actividad.general.GeneralService cannot be applied to given types;
  required: java.lang.String,java.lang.String,java.lang.Integer,java.lang.Long,java.lang.Boolean,java.lang.String,java.util.List<java.lang.Long>,java.lang.Boolean,java.lang.Boolean,java.lang.Boolean,java.lang.Boolean
  found:    java.lang.String,java.lang.String,int,long,boolean,java.lang.String,java.util.List<java.lang.Long>
  reason: actual and formal argument lists differ in length
[ERROR] /C:/ISPP/Cerebrus/backend/src/test/java/com/cerebrus/actividadTest/GeneralControllerTest.java:[189,36] method crearActTipoTest in interface com.cerebrus.actividad.general.GeneralService cannot be applied to given types;
  required: java.lang.String,java.lang.String,java.lang.Integer,java.lang.Long,java.lang.Boolean,java.lang.String,java.util.List<java.lang.Long>,java.lang.Boolean,java.lang.Boolean,java.lang.Boolean,java.lang.Boolean
  found:    java.lang.String,java.lang.String,int,long,boolean,java.lang.Object,java.lang.Object
  reason: actual and formal argument lists differ in length
[ERROR] /C:/ISPP/Cerebrus/backend/src/test/java/com/cerebrus/actividadTest/GeneralControllerTest.java:[194,39] method crearActTipoTest in interface com.cerebrus.actividad.general.GeneralService cannot be applied to given types;
  required: java.lang.String,java.lang.String,java.lang.Integer,java.lang.Long,java.lang.Boolean,java.lang.String,java.util.List<java.lang.Long>,java.lang.Boolean,java.lang.Boolean,java.lang.Boolean,java.lang.Boolean
  found:    java.lang.String,java.lang.String,int,long,boolean,java.lang.Object,java.util.List<java.lang.Long>
  reason: actual and formal argument lists differ in length
[ERROR] /C:/ISPP/Cerebrus/backend/src/test/java/com/cerebrus/actividadTest/GeneralControllerTest.java:[218,48] method crearActTipoTest in interface com.cerebrus.actividad.general.GeneralService cannot be applied to given types;
  required: java.lang.String,java.lang.String,java.lang.Integer,java.lang.Long,java.lang.Boolean,java.lang.String,java.util.List<java.lang.Long>,java.lang.Boolean,java.lang.Boolean,java.lang.Boolean,java.lang.Boolean
  found:    java.lang.Object,java.lang.Object,java.lang.Object,java.lang.Object,java.lang.Object,java.lang.Object,java.lang.Object
  reason: actual and formal argument lists differ in length
[ERROR] /C:/ISPP/Cerebrus/backend/src/test/java/com/cerebrus/actividadTest/GeneralControllerTest.java:[257,39] method actualizarActGeneral in interface com.cerebrus.actividad.general.GeneralService cannot be applied to given types;
  required: java.lang.Long,java.lang.String,java.lang.String,java.lang.Integer,java.lang.Boolean,java.lang.String,java.lang.Integer,java.lang.Integer,java.lang.Long,java.lang.String,java.lang.Boolean,java.lang.Boolean,java.lang.Boolean,java.lang.Boolean
  found:    long,java.lang.String,java.lang.String,java.lang.Integer,boolean,java.lang.String,java.lang.Integer,java.lang.Integer,long,<nulltype>
  reason: actual and formal argument lists differ in length
[ERROR] /C:/ISPP/Cerebrus/backend/src/test/java/com/cerebrus/actividadTest/GeneralControllerTest.java:[281,43] constructor GeneralTestDTO in class com.cerebrus.actividad.general.dto.GeneralTestDTO cannot be applied to given types;
  required: java.lang.Long,java.lang.String,java.lang.String,java.lang.Integer,java.lang.String,java.lang.Boolean,java.lang.String,java.lang.Integer,java.lang.Integer,java.lang.Long,java.util.List<com.cerebrus.pregunta.dto.PreguntaDTO>,java.lang.Boolean,java.lang.Boolean,java.lang.Boolean,java.lang.Boolean
  found:    long,java.lang.String,java.lang.String,int,<nulltype>,boolean,java.lang.String,int,int,long,java.util.List<java.lang.Object>
  reason: actual and formal argument lists differ in length
[ERROR] /C:/ISPP/Cerebrus/backend/src/test/java/com/cerebrus/actividadTest/GeneralControllerTest.java:[284,36] method actualizarActTipoTest in interface com.cerebrus.actividad.general.GeneralService cannot be applied to given types;
  required: java.lang.Long,java.lang.String,java.lang.String,java.lang.Integer,java.lang.Boolean,java.lang.String,java.util.List<java.lang.Long>,java.lang.Integer,java.lang.Integer,java.lang.Long,java.lang.String,java.lang.Boolean,java.lang.Boolean,java.lang.Boolean,java.lang.Boolean
  found:    long,java.lang.String,java.lang.String,int,boolean,java.lang.String,java.lang.Object,int,int,long,java.lang.Object
  reason: actual and formal argument lists differ in length
[ERROR] /C:/ISPP/Cerebrus/backend/src/test/java/com/cerebrus/actividadTest/GeneralControllerTest.java:[293,39] method actualizarActTipoTest in interface com.cerebrus.actividad.general.GeneralService cannot be applied to given types;
  required: java.lang.Long,java.lang.String,java.lang.String,java.lang.Integer,java.lang.Boolean,java.lang.String,java.util.List<java.lang.Long>,java.lang.Integer,java.lang.Integer,java.lang.Long,java.lang.String,java.lang.Boolean,java.lang.Boolean,java.lang.Boolean,java.lang.Boolean
  found:    long,java.lang.String,java.lang.String,int,boolean,java.lang.String,java.util.List<java.lang.Long>,int,int,long,java.lang.Object
  reason: actual and formal argument lists differ in length
[ERROR] /C:/ISPP/Cerebrus/backend/src/test/java/com/cerebrus/actividadTest/GeneralControllerTest.java:[367,28] method crearActAbierta in interface com.cerebrus.actividad.general.GeneralService cannot be applied to given types;
  required: java.lang.String,java.lang.String,java.lang.Integer,java.lang.Long,java.lang.Boolean,java.lang.String,java.util.List<java.lang.Long>,java.lang.String,java.lang.Boolean,java.lang.Boolean,java.lang.Boolean,java.lang.Boolean
  found:    java.lang.Object,java.lang.Object,java.lang.Object,java.lang.Object,java.lang.Object,java.lang.Object,java.lang.Object,java.lang.Object
  reason: actual and formal argument lists differ in length
[ERROR] /C:/ISPP/Cerebrus/backend/src/test/java/com/cerebrus/actividadTest/GeneralControllerTest.java:[375,31] method crearActAbierta in interface com.cerebrus.actividad.general.GeneralService cannot be applied to given types;
  required: java.lang.String,java.lang.String,java.lang.Integer,java.lang.Long,java.lang.Boolean,java.lang.String,java.util.List<java.lang.Long>,java.lang.String,java.lang.Boolean,java.lang.Boolean,java.lang.Boolean,java.lang.Boolean
  found:    java.lang.String,java.lang.Object,java.lang.Object,long,java.lang.Object,java.lang.Object,java.util.List<java.lang.Long>,java.lang.Object
  reason: actual and formal argument lists differ in length
[ERROR] /C:/ISPP/Cerebrus/backend/src/test/java/com/cerebrus/actividadTest/GeneralControllerTest.java:[414,36] method actualizarActClasificacion in interface com.cerebrus.actividad.general.GeneralService cannot be applied to given types;
  required: java.lang.Long,java.lang.String,java.lang.String,java.lang.Integer,java.lang.Boolean,java.lang.String,java.util.List<java.lang.Long>,java.lang.Integer,java.lang.Integer,java.lang.Long,java.lang.Boolean,java.lang.Boolean,java.lang.Boolean,java.lang.Boolean
  found:    long,java.lang.Object,java.lang.Object,java.lang.Object,java.lang.Object,java.lang.Object,java.lang.Object,java.lang.Object,java.lang.Object,java.lang.Object
  reason: actual and formal argument lists differ in length
[ERROR] /C:/ISPP/Cerebrus/backend/src/test/java/com/cerebrus/actividadTest/GeneralControllerTest.java:[515,28] method crearActCarta in interface com.cerebrus.actividad.general.GeneralService cannot be applied to given types;
  required: java.lang.String,java.lang.String,java.lang.Integer,java.lang.Long,java.lang.Boolean,java.lang.String,java.util.List<java.lang.Long>,java.lang.Boolean,java.lang.Boolean,java.lang.Boolean,java.lang.Boolean
  found:    java.lang.String,java.lang.String,int,long,boolean,java.lang.String,java.lang.Object
  reason: actual and formal argument lists differ in length
[ERROR] /C:/ISPP/Cerebrus/backend/src/test/java/com/cerebrus/actividadTest/GeneralControllerTest.java:[533,31] method crearActCarta in interface com.cerebrus.actividad.general.GeneralService cannot be applied to given types;
  required: java.lang.String,java.lang.String,java.lang.Integer,java.lang.Long,java.lang.Boolean,java.lang.String,java.util.List<java.lang.Long>,java.lang.Boolean,java.lang.Boolean,java.lang.Boolean,java.lang.Boolean
  found:    java.lang.Object,java.lang.Object,java.lang.Object,java.lang.Object,java.lang.Object,java.lang.Object,java.util.List<java.lang.Long>
  reason: actual and formal argument lists differ in length
[ERROR] /C:/ISPP/Cerebrus/backend/src/test/java/com/cerebrus/actividadTest/GeneralControllerTest.java:[575,31] method actualizarActCarta in interface com.cerebrus.actividad.general.GeneralService cannot be applied to given types;
  required: java.lang.Long,java.lang.String,java.lang.String,java.lang.Integer,java.lang.Boolean,java.lang.String,java.util.List<java.lang.Long>,java.lang.Integer,java.lang.Integer,java.lang.Long,java.lang.String,java.lang.Boolean,java.lang.Boolean,java.lang.Boolean,java.lang.Boolean
  found:    long,java.lang.String,java.lang.String,int,boolean,java.lang.String,java.util.List<java.lang.Long>,int,int,long,java.lang.String
  reason: actual and formal argument lists differ in length
[ERROR] /C:/ISPP/Cerebrus/backend/src/test/java/com/cerebrus/actividadTest/GeneralControllerTest.java:[611,28] method crearActClasificacion in interface com.cerebrus.actividad.general.GeneralService cannot be applied to given types;
  required: java.lang.String,java.lang.String,java.lang.Integer,java.lang.Long,java.lang.Boolean,java.lang.String,java.lang.Boolean,java.lang.Boolean,java.lang.Boolean,java.lang.Boolean
  found:    java.lang.String,java.lang.String,int,long,boolean,java.lang.String
  reason: actual and formal argument lists differ in length
[ERROR] /C:/ISPP/Cerebrus/backend/src/test/java/com/cerebrus/actividadTest/GeneralControllerTest.java:[628,31] method crearActClasificacion in interface com.cerebrus.actividad.general.GeneralService cannot be applied to given types;
  required: java.lang.String,java.lang.String,java.lang.Integer,java.lang.Long,java.lang.Boolean,java.lang.String,java.lang.Boolean,java.lang.Boolean,java.lang.Boolean,java.lang.Boolean
  found:    java.lang.Object,java.lang.Object,java.lang.Object,java.lang.Object,java.lang.Object,java.lang.Object
  reason: actual and formal argument lists differ in length
[ERROR] /C:/ISPP/Cerebrus/backend/src/test/java/com/cerebrus/actividadTest/GeneralDTOTests.java:[71,40] constructor GeneralAbiertaMaestroDTO in class com.cerebrus.actividad.general.dto.GeneralAbiertaMaestroDTO cannot be applied to given types;
  required: java.lang.Long,java.lang.String,java.lang.String,java.lang.Integer,java.lang.String,java.lang.Boolean,java.lang.String,java.lang.Integer,java.lang.Integer,java.lang.Long,java.util.List<com.cerebrus.pregunta.dto.PreguntaMaestroDTO>,java.lang.Boolean,java.lang.Boolean,java.lang.Boolean,java.lang.Boolean
  found:    long,java.lang.String,java.lang.String,int,java.lang.String,boolean,java.lang.String,int,int,long,java.util.List<com.cerebrus.pregunta.dto.PreguntaMaestroDTO>
  reason: actual and formal argument lists differ in length
[ERROR] /C:/ISPP/Cerebrus/backend/src/test/java/com/cerebrus/actividadTest/GeneralDTOTests.java:[108,31] constructor GeneralCartaDTO in class com.cerebrus.actividad.general.dto.GeneralCartaDTO cannot be applied to given types;
  required: java.lang.Long,java.lang.String,java.lang.String,java.lang.Integer,java.lang.String,java.lang.Boolean,java.lang.String,java.lang.Integer,java.lang.Integer,java.lang.Long,java.util.List<com.cerebrus.pregunta.dto.PreguntaDTO>,java.lang.Boolean,java.lang.Boolean,java.lang.Boolean,java.lang.Boolean
  found:    long,java.lang.String,java.lang.String,int,java.lang.String,boolean,java.lang.String,int,int,long,java.util.List<com.cerebrus.pregunta.dto.PreguntaDTO>
  reason: actual and formal argument lists differ in length
[ERROR] /C:/ISPP/Cerebrus/backend/src/test/java/com/cerebrus/actividadTest/GeneralDTOTests.java:[144,38] constructor GeneralCartaMaestroDTO in class com.cerebrus.actividad.general.dto.GeneralCartaMaestroDTO cannot be applied to given types;
  required: java.lang.Long,java.lang.String,java.lang.String,java.lang.Integer,java.lang.String,java.lang.Boolean,java.lang.String,java.lang.Integer,java.lang.Integer,java.lang.Long,java.util.List<com.cerebrus.pregunta.dto.PreguntaMaestroDTO>,java.lang.Boolean,java.lang.Boolean,java.lang.Boolean,java.lang.Boolean
  found:    long,java.lang.String,java.lang.String,int,java.lang.String,boolean,java.lang.String,int,int,long,java.util.List<com.cerebrus.pregunta.dto.PreguntaMaestroDTO>
  reason: actual and formal argument lists differ in length
[ERROR] /C:/ISPP/Cerebrus/backend/src/test/java/com/cerebrus/actividadTest/GeneralDTOTests.java:[180,39] constructor GeneralClasificacionDTO in class com.cerebrus.actividad.general.dto.GeneralClasificacionDTO cannot be applied to given types;
  required: java.lang.Long,java.lang.String,java.lang.String,java.lang.Integer,java.lang.String,java.lang.Boolean,java.lang.String,java.lang.Integer,java.lang.Integer,java.lang.Long,java.util.List<com.cerebrus.pregunta.dto.PreguntaDTO>,java.lang.Boolean,java.lang.Boolean,java.lang.Boolean,java.lang.Boolean
  found:    long,java.lang.String,java.lang.String,int,java.lang.String,boolean,java.lang.String,int,int,long,java.util.List<com.cerebrus.pregunta.dto.PreguntaDTO>
  reason: actual and formal argument lists differ in length
[ERROR] /C:/ISPP/Cerebrus/backend/src/test/java/com/cerebrus/actividadTest/GeneralDTOTests.java:[216,46] constructor GeneralClasificacionMaestroDTO in class com.cerebrus.actividad.general.dto.GeneralClasificacionMaestroDTO cannot be applied to given types;
  required: java.lang.Long,java.lang.String,java.lang.String,java.lang.Integer,java.lang.String,java.lang.Boolean,java.lang.String,java.lang.Integer,java.lang.Integer,java.lang.Long,java.util.List<com.cerebrus.pregunta.dto.PreguntaMaestroDTO>,java.lang.Boolean,java.lang.Boolean,java.lang.Boolean,java.lang.Boolean
  found:    long,java.lang.String,java.lang.String,int,java.lang.String,boolean,java.lang.String,int,int,long,java.util.List<com.cerebrus.pregunta.dto.PreguntaMaestroDTO>
  reason: actual and formal argument lists differ in length
[ERROR] /C:/ISPP/Cerebrus/backend/src/test/java/com/cerebrus/actividadTest/GeneralDTOTests.java:[252,26] constructor GeneralDTO in class com.cerebrus.actividad.general.dto.GeneralDTO cannot be applied to given types;
  required: java.lang.Long,java.lang.String,java.lang.String,java.lang.Integer,java.lang.String,java.lang.Boolean,java.lang.String,java.lang.Integer,java.lang.Integer,java.lang.Long,com.cerebrus.comun.enumerados.TipoActGeneral,java.lang.Boolean,java.lang.Boolean,java.lang.Boolean,java.lang.Boolean
  found:    long,java.lang.String,java.lang.String,int,java.lang.String,boolean,java.lang.String,int,int,long,com.cerebrus.comun.enumerados.TipoActGeneral
  reason: actual and formal argument lists differ in length
[ERROR] /C:/ISPP/Cerebrus/backend/src/test/java/com/cerebrus/actividadTest/GeneralDTOTests.java:[293,30] constructor GeneralTestDTO in class com.cerebrus.actividad.general.dto.GeneralTestDTO cannot be applied to given types;
  required: java.lang.Long,java.lang.String,java.lang.String,java.lang.Integer,java.lang.String,java.lang.Boolean,java.lang.String,java.lang.Integer,java.lang.Integer,java.lang.Long,java.util.List<com.cerebrus.pregunta.dto.PreguntaDTO>,java.lang.Boolean,java.lang.Boolean,java.lang.Boolean,java.lang.Boolean
  found:    long,java.lang.String,java.lang.String,int,java.lang.String,boolean,java.lang.String,int,int,long,java.util.List<com.cerebrus.pregunta.dto.PreguntaDTO>
  reason: actual and formal argument lists differ in length
[ERROR] /C:/ISPP/Cerebrus/backend/src/test/java/com/cerebrus/actividadTest/GeneralDTOTests.java:[329,37] constructor GeneralTestMaestroDTO in class com.cerebrus.actividad.general.dto.GeneralTestMaestroDTO cannot be applied to given types;
  required: java.lang.Long,java.lang.String,java.lang.String,java.lang.Integer,java.lang.String,java.lang.Boolean,java.lang.String,java.lang.Integer,java.lang.Integer,java.lang.Long,java.util.List<com.cerebrus.pregunta.dto.PreguntaMaestroDTO>,java.lang.Boolean,java.lang.Boolean,java.lang.Boolean,java.lang.Boolean
  found:    long,java.lang.String,java.lang.String,int,java.lang.String,boolean,java.lang.String,int,int,long,java.util.List<com.cerebrus.pregunta.dto.PreguntaMaestroDTO>
  reason: actual and formal argument lists differ in length
[ERROR] /C:/ISPP/Cerebrus/backend/src/test/java/com/cerebrus/actividadTest/GeneralDTOTests.java:[382,29] constructor OrdenacionDTO in class com.cerebrus.actividad.ordenacion.dto.OrdenacionDTO cannot be applied to given types;
  required: java.lang.Long,java.lang.String,java.lang.String,java.lang.Integer,java.lang.String,java.lang.Boolean,java.lang.String,java.lang.Integer,java.lang.Long,java.util.List<java.lang.String>,java.lang.Boolean,java.lang.Boolean,java.lang.Boolean,java.lang.Boolean
  found:    long,java.lang.String,java.lang.String,int,java.lang.String,boolean,java.lang.String,int,long,java.util.List<java.lang.String>
  reason: actual and formal argument lists differ in length
[ERROR] /C:/ISPP/Cerebrus/backend/src/test/java/com/cerebrus/actividadTest/GeneralDTOTests.java:[409,33] no suitable constructor found for Ordenacion(java.lang.String,java.lang.String,int,java.lang.String,boolean,int,int,com.cerebrus.tema.Tema,java.util.List<java.lang.String>)
    constructor com.cerebrus.actividad.ordenacion.Ordenacion.Ordenacion() is not applicable
      (actual and formal argument lists differ in length)
    constructor com.cerebrus.actividad.ordenacion.Ordenacion.Ordenacion(java.lang.String,java.lang.String,java.lang.Integer,java.lang.String,java.lang.Boolean,java.lang.Integer,java.lang.Integer,com.cerebrus.tema.Tema,java.util.List<java.lang.String>,java.lang.Boolean,java.lang.Boolean,java.lang.Boolean,java.lang.Boolean) is not applicable
      (actual and formal argument lists differ in length)
[ERROR] /C:/ISPP/Cerebrus/backend/src/test/java/com/cerebrus/actividadTest/GeneralServiceImplTest.java:[92,56] method crearActGeneral in class com.cerebrus.actividad.general.GeneralServiceImpl cannot be applied to given types;
  required: java.lang.String,java.lang.String,java.lang.Integer,java.lang.Long,java.lang.Boolean,java.lang.String,java.lang.Boolean,java.lang.Boolean,java.lang.Boolean,java.lang.Boolean
  found:    java.lang.String,java.lang.String,int,long,boolean,<nulltype>
  reason: actual and formal argument lists differ in length
[ERROR] /C:/ISPP/Cerebrus/backend/src/test/java/com/cerebrus/actividadTest/GeneralServiceImplTest.java:[106,56] method crearActGeneral in class com.cerebrus.actividad.general.GeneralServiceImpl cannot be applied to given types;
  required: java.lang.String,java.lang.String,java.lang.Integer,java.lang.Long,java.lang.Boolean,java.lang.String,java.lang.Boolean,java.lang.Boolean,java.lang.Boolean,java.lang.Boolean
  found:    java.lang.String,java.lang.String,int,long,boolean,<nulltype>
  reason: actual and formal argument lists differ in length
[ERROR] /C:/ISPP/Cerebrus/backend/src/test/java/com/cerebrus/actividadTest/GeneralServiceImplTest.java:[123,49] method crearActGeneral in class com.cerebrus.actividad.general.GeneralServiceImpl cannot be applied to given types;
  required: java.lang.String,java.lang.String,java.lang.Integer,java.lang.Long,java.lang.Boolean,java.lang.String,java.lang.Boolean,java.lang.Boolean,java.lang.Boolean,java.lang.Boolean
  found:    java.lang.String,java.lang.String,int,long,boolean,java.lang.String
  reason: actual and formal argument lists differ in length
[ERROR] /C:/ISPP/Cerebrus/backend/src/test/java/com/cerebrus/actividadTest/GeneralServiceImplTest.java:[143,49] method crearActGeneral in class com.cerebrus.actividad.general.GeneralServiceImpl cannot be applied to given types;
  required: java.lang.String,java.lang.String,java.lang.Integer,java.lang.Long,java.lang.Boolean,java.lang.String,java.lang.Boolean,java.lang.Boolean,java.lang.Boolean,java.lang.Boolean
  found:    java.lang.String,java.lang.String,int,long,boolean,java.lang.String
  reason: actual and formal argument lists differ in length
[ERROR] /C:/ISPP/Cerebrus/backend/src/test/java/com/cerebrus/actividadTest/GeneralServiceImplTest.java:[155,56] method crearActGeneral in class com.cerebrus.actividad.general.GeneralServiceImpl cannot be applied to given types;
  required: java.lang.String,java.lang.String,java.lang.Integer,java.lang.Long,java.lang.Boolean,java.lang.String,java.lang.Boolean,java.lang.Boolean,java.lang.Boolean,java.lang.Boolean
  found:    java.lang.String,java.lang.String,int,long,<nulltype>,<nulltype>
  reason: actual and formal argument lists differ in length
[ERROR] /C:/ISPP/Cerebrus/backend/src/test/java/com/cerebrus/actividadTest/GeneralServiceImplTest.java:[173,50] method crearActTipoTest in class com.cerebrus.actividad.general.GeneralServiceImpl cannot be applied to given types;
  required: java.lang.String,java.lang.String,java.lang.Integer,java.lang.Long,java.lang.Boolean,java.lang.String,java.util.List<java.lang.Long>,java.lang.Boolean,java.lang.Boolean,java.lang.Boolean,java.lang.Boolean
  found:    java.lang.String,java.lang.String,int,long,boolean,java.lang.String,java.util.List<java.lang.Long>
  reason: actual and formal argument lists differ in length
[ERROR] /C:/ISPP/Cerebrus/backend/src/test/java/com/cerebrus/actividadTest/GeneralServiceImplTest.java:[189,56] method crearActTipoTest in class com.cerebrus.actividad.general.GeneralServiceImpl cannot be applied to given types;
  required: java.lang.String,java.lang.String,java.lang.Integer,java.lang.Long,java.lang.Boolean,java.lang.String,java.util.List<java.lang.Long>,java.lang.Boolean,java.lang.Boolean,java.lang.Boolean,java.lang.Boolean
  found:    java.lang.String,java.lang.String,int,long,boolean,<nulltype>,java.util.List<java.lang.Long>
  reason: actual and formal argument lists differ in length
[ERROR] /C:/ISPP/Cerebrus/backend/src/test/java/com/cerebrus/actividadTest/GeneralServiceImplTest.java:[206,56] method crearActTipoTest in class com.cerebrus.actividad.general.GeneralServiceImpl cannot be applied to given types;
  required: java.lang.String,java.lang.String,java.lang.Integer,java.lang.Long,java.lang.Boolean,java.lang.String,java.util.List<java.lang.Long>,java.lang.Boolean,java.lang.Boolean,java.lang.Boolean,java.lang.Boolean
  found:    java.lang.String,java.lang.String,int,long,boolean,<nulltype>,<nulltype>
  reason: actual and formal argument lists differ in length
[ERROR] /C:/ISPP/Cerebrus/backend/src/test/java/com/cerebrus/actividadTest/GeneralServiceImplTest.java:[287,56] method actualizarActGeneral in class com.cerebrus.actividad.general.GeneralServiceImpl cannot be applied to given types;
  required: java.lang.Long,java.lang.String,java.lang.String,java.lang.Integer,java.lang.Boolean,java.lang.String,java.lang.Integer,java.lang.Integer,java.lang.Long,java.lang.String,java.lang.Boolean,java.lang.Boolean,java.lang.Boolean,java.lang.Boolean
  found:    long,java.lang.String,java.lang.String,int,boolean,java.lang.String,int,int,long,<nulltype>
  reason: actual and formal argument lists differ in length
[ERROR] /C:/ISPP/Cerebrus/backend/src/test/java/com/cerebrus/actividadTest/GeneralServiceImplTest.java:[303,56] method actualizarActGeneral in class com.cerebrus.actividad.general.GeneralServiceImpl cannot be applied to given types;
  required: java.lang.Long,java.lang.String,java.lang.String,java.lang.Integer,java.lang.Boolean,java.lang.String,java.lang.Integer,java.lang.Integer,java.lang.Long,java.lang.String,java.lang.Boolean,java.lang.Boolean,java.lang.Boolean,java.lang.Boolean
  found:    long,java.lang.String,java.lang.String,int,boolean,java.lang.String,int,int,long,<nulltype>
  reason: actual and formal argument lists differ in length
[ERROR] /C:/ISPP/Cerebrus/backend/src/test/java/com/cerebrus/actividadTest/GeneralServiceImplTest.java:[322,56] method actualizarActGeneral in class com.cerebrus.actividad.general.GeneralServiceImpl cannot be applied to given types;
  required: java.lang.Long,java.lang.String,java.lang.String,java.lang.Integer,java.lang.Boolean,java.lang.String,java.lang.Integer,java.lang.Integer,java.lang.Long,java.lang.String,java.lang.Boolean,java.lang.Boolean,java.lang.Boolean,java.lang.Boolean
  found:    long,java.lang.String,java.lang.String,int,boolean,java.lang.String,int,int,long,<nulltype>
  reason: actual and formal argument lists differ in length
[ERROR] /C:/ISPP/Cerebrus/backend/src/test/java/com/cerebrus/actividadTest/GeneralServiceImplTest.java:[343,53] method actualizarActGeneral in class com.cerebrus.actividad.general.GeneralServiceImpl cannot be applied to given types;
  required: java.lang.Long,java.lang.String,java.lang.String,java.lang.Integer,java.lang.Boolean,java.lang.String,java.lang.Integer,java.lang.Integer,java.lang.Long,java.lang.String,java.lang.Boolean,java.lang.Boolean,java.lang.Boolean,java.lang.Boolean
  found:    long,java.lang.String,java.lang.String,int,boolean,java.lang.String,int,int,long,<nulltype>
  reason: actual and formal argument lists differ in length
[ERROR] /C:/ISPP/Cerebrus/backend/src/test/java/com/cerebrus/actividadTest/GeneralServiceImplTest.java:[372,53] method actualizarActGeneral in class com.cerebrus.actividad.general.GeneralServiceImpl cannot be applied to given types;
  required: java.lang.Long,java.lang.String,java.lang.String,java.lang.Integer,java.lang.Boolean,java.lang.String,java.lang.Integer,java.lang.Integer,java.lang.Long,java.lang.String,java.lang.Boolean,java.lang.Boolean,java.lang.Boolean,java.lang.Boolean
  found:    long,java.lang.String,java.lang.String,int,boolean,java.lang.String,int,int,long,<nulltype>
  reason: actual and formal argument lists differ in length
[ERROR] /C:/ISPP/Cerebrus/backend/src/test/java/com/cerebrus/actividadTest/GeneralServiceImplTest.java:[388,56] method actualizarActTipoTest in class com.cerebrus.actividad.general.GeneralServiceImpl cannot be applied to given types;
  required: java.lang.Long,java.lang.String,java.lang.String,java.lang.Integer,java.lang.Boolean,java.lang.String,java.util.List<java.lang.Long>,java.lang.Integer,java.lang.Integer,java.lang.Long,java.lang.String,java.lang.Boolean,java.lang.Boolean,java.lang.Boolean,java.lang.Boolean
  found:    long,java.lang.String,java.lang.String,int,boolean,java.lang.String,java.util.List<java.lang.Long>,int,int,long,<nulltype>
  reason: actual and formal argument lists differ in length
[ERROR] /C:/ISPP/Cerebrus/backend/src/test/java/com/cerebrus/actividadTest/GeneralServiceImplTest.java:[409,48] method actualizarActTipoTest in class com.cerebrus.actividad.general.GeneralServiceImpl cannot be applied to given types;
  required: java.lang.Long,java.lang.String,java.lang.String,java.lang.Integer,java.lang.Boolean,java.lang.String,java.util.List<java.lang.Long>,java.lang.Integer,java.lang.Integer,java.lang.Long,java.lang.String,java.lang.Boolean,java.lang.Boolean,java.lang.Boolean,java.lang.Boolean
  found:    long,java.lang.String,java.lang.String,int,boolean,java.lang.String,<nulltype>,int,int,long,<nulltype>
  reason: actual and formal argument lists differ in length
[ERROR] /C:/ISPP/Cerebrus/backend/src/test/java/com/cerebrus/actividadTest/GeneralServiceImplTest.java:[445,51] method actualizarActTipoTest in class com.cerebrus.actividad.general.GeneralServiceImpl cannot be applied to given types;
  required: java.lang.Long,java.lang.String,java.lang.String,java.lang.Integer,java.lang.Boolean,java.lang.String,java.util.List<java.lang.Long>,java.lang.Integer,java.lang.Integer,java.lang.Long,java.lang.String,java.lang.Boolean,java.lang.Boolean,java.lang.Boolean,java.lang.Boolean
  found:    long,java.lang.String,java.lang.String,int,boolean,java.lang.String,java.util.List<java.lang.Long>,int,int,long,<nulltype>
  reason: actual and formal argument lists differ in length
[ERROR] /C:/ISPP/Cerebrus/backend/src/test/java/com/cerebrus/actividadTest/GeneralServiceImplTest.java:[504,48] method crearActGeneral in class com.cerebrus.actividad.general.GeneralServiceImpl cannot be applied to given types;
  required: java.lang.String,java.lang.String,java.lang.Integer,java.lang.Long,java.lang.Boolean,java.lang.String,java.lang.Boolean,java.lang.Boolean,java.lang.Boolean,java.lang.Boolean
  found:    java.lang.String,java.lang.String,int,long,boolean,java.lang.String
  reason: actual and formal argument lists differ in length
[ERROR] /C:/ISPP/Cerebrus/backend/src/test/java/com/cerebrus/actividadTest/GeneralServiceImplTest.java:[524,43] method crearActCarta in class com.cerebrus.actividad.general.GeneralServiceImpl cannot be applied to given types;
  required: java.lang.String,java.lang.String,java.lang.Integer,java.lang.Long,java.lang.Boolean,java.lang.String,java.util.List<java.lang.Long>,java.lang.Boolean,java.lang.Boolean,java.lang.Boolean,java.lang.Boolean
  found:    java.lang.String,java.lang.String,int,long,boolean,java.lang.String,java.util.List<java.lang.Long>
  reason: actual and formal argument lists differ in length
[ERROR] /C:/ISPP/Cerebrus/backend/src/test/java/com/cerebrus/actividadTest/GeneralServiceImplTest.java:[541,48] method crearActCarta in class com.cerebrus.actividad.general.GeneralServiceImpl cannot be applied to given types;
  required: java.lang.String,java.lang.String,java.lang.Integer,java.lang.Long,java.lang.Boolean,java.lang.String,java.util.List<java.lang.Long>,java.lang.Boolean,java.lang.Boolean,java.lang.Boolean,java.lang.Boolean
  found:    java.lang.String,java.lang.String,int,long,boolean,java.lang.String,java.util.List<java.lang.Long>
  reason: actual and formal argument lists differ in length
[ERROR] /C:/ISPP/Cerebrus/backend/src/test/java/com/cerebrus/actividadTest/GeneralServiceImplTest.java:[570,39] method actualizarActCarta in class com.cerebrus.actividad.general.GeneralServiceImpl cannot be applied to given types;
  required: java.lang.Long,java.lang.String,java.lang.String,java.lang.Integer,java.lang.Boolean,java.lang.String,java.util.List<java.lang.Long>,java.lang.Integer,java.lang.Integer,java.lang.Long,java.lang.String,java.lang.Boolean,java.lang.Boolean,java.lang.Boolean,java.lang.Boolean
  found:    long,java.lang.String,java.lang.String,int,boolean,java.lang.String,java.util.List<java.lang.Object>,int,int,java.lang.Long,<nulltype>
  reason: actual and formal argument lists differ in length
[ERROR] /C:/ISPP/Cerebrus/backend/src/test/java/com/cerebrus/actividadTest/GeneralServiceImplTest.java:[602,39] method actualizarActClasificacion in class com.cerebrus.actividad.general.GeneralServiceImpl cannot be applied to given types;
  required: java.lang.Long,java.lang.String,java.lang.String,java.lang.Integer,java.lang.Boolean,java.lang.String,java.util.List<java.lang.Long>,java.lang.Integer,java.lang.Integer,java.lang.Long,java.lang.Boolean,java.lang.Boolean,java.lang.Boolean,java.lang.Boolean
  found:    long,java.lang.String,java.lang.String,int,boolean,java.lang.String,java.util.List<java.lang.Long>,int,int,long
  reason: actual and formal argument lists differ in length
[ERROR] /C:/ISPP/Cerebrus/backend/src/test/java/com/cerebrus/actividadTest/GeneralServiceImplTest.java:[627,48] method actualizarActClasificacion in class com.cerebrus.actividad.general.GeneralServiceImpl cannot be applied to given types;
  required: java.lang.Long,java.lang.String,java.lang.String,java.lang.Integer,java.lang.Boolean,java.lang.String,java.util.List<java.lang.Long>,java.lang.Integer,java.lang.Integer,java.lang.Long,java.lang.Boolean,java.lang.Boolean,java.lang.Boolean,java.lang.Boolean
  found:    long,java.lang.String,java.lang.String,int,boolean,java.lang.String,java.util.List<java.lang.Long>,int,int,long
  reason: actual and formal argument lists differ in length
[ERROR] /C:/ISPP/Cerebrus/backend/src/test/java/com/cerebrus/actividadTest/GeneralServiceImplTest.java:[700,48] method crearActAbierta in class com.cerebrus.actividad.general.GeneralServiceImpl cannot be applied to given types;
  required: java.lang.String,java.lang.String,java.lang.Integer,java.lang.Long,java.lang.Boolean,java.lang.String,java.util.List<java.lang.Long>,java.lang.String,java.lang.Boolean,java.lang.Boolean,java.lang.Boolean,java.lang.Boolean
  found:    java.lang.String,java.lang.String,int,long,boolean,java.lang.String,java.util.List<java.lang.Long>,<nulltype>
  reason: actual and formal argument lists differ in length
[ERROR] /C:/ISPP/Cerebrus/backend/src/test/java/com/cerebrus/actividadTest/GeneralServiceImplTest.java:[716,48] method crearActAbierta in class com.cerebrus.actividad.general.GeneralServiceImpl cannot be applied to given types;
  required: java.lang.String,java.lang.String,java.lang.Integer,java.lang.Long,java.lang.Boolean,java.lang.String,java.util.List<java.lang.Long>,java.lang.String,java.lang.Boolean,java.lang.Boolean,java.lang.Boolean,java.lang.Boolean
  found:    java.lang.String,java.lang.String,int,long,boolean,java.lang.String,java.util.List<java.lang.Long>,<nulltype>
  reason: actual and formal argument lists differ in length
[ERROR] /C:/ISPP/Cerebrus/backend/src/test/java/com/cerebrus/actividadTest/GeneralServiceImplTest.java:[728,37] method crearActAbierta in class com.cerebrus.actividad.general.GeneralServiceImpl cannot be applied to given types;
  required: java.lang.String,java.lang.String,java.lang.Integer,java.lang.Long,java.lang.Boolean,java.lang.String,java.util.List<java.lang.Long>,java.lang.String,java.lang.Boolean,java.lang.Boolean,java.lang.Boolean,java.lang.Boolean
  found:    java.lang.String,java.lang.String,int,long,boolean,java.lang.String,<nulltype>,java.lang.String
  reason: actual and formal argument lists differ in length
[ERROR] /C:/ISPP/Cerebrus/backend/src/test/java/com/cerebrus/actividadTest/GeneralServiceImplTest.java:[793,48] method actualizarActAbierta in class com.cerebrus.actividad.general.GeneralServiceImpl cannot be applied to given types;
  required: java.lang.Long,java.lang.String,java.lang.String,java.lang.Integer,java.lang.Boolean,java.lang.String,java.util.List<java.lang.Long>,java.lang.Integer,java.lang.Integer,java.lang.Long,java.lang.String,java.lang.Boolean,java.lang.Boolean,java.lang.Boolean,java.lang.Boolean
  found:    long,java.lang.String,java.lang.String,int,boolean,java.lang.String,java.util.List<java.lang.Object>,int,int,long,<nulltype>
  reason: actual and formal argument lists differ in length
[ERROR] /C:/ISPP/Cerebrus/backend/src/test/java/com/cerebrus/actividadTest/GeneralServiceImplTest.java:[1359,43] method crearActClasificacion in class com.cerebrus.actividad.general.GeneralServiceImpl cannot be applied to given types;
  required: java.lang.String,java.lang.String,java.lang.Integer,java.lang.Long,java.lang.Boolean,java.lang.String,java.lang.Boolean,java.lang.Boolean,java.lang.Boolean,java.lang.Boolean
  found:    java.lang.String,java.lang.String,int,long,boolean,java.lang.String
  reason: actual and formal argument lists differ in length
[ERROR] /C:/ISPP/Cerebrus/backend/src/test/java/com/cerebrus/actividadTest/GeneralServiceImplTest.java:[1376,48] method crearActClasificacion in class com.cerebrus.actividad.general.GeneralServiceImpl cannot be applied to given types;
  required: java.lang.String,java.lang.String,java.lang.Integer,java.lang.Long,java.lang.Boolean,java.lang.String,java.lang.Boolean,java.lang.Boolean,java.lang.Boolean,java.lang.Boolean
  found:    java.lang.String,java.lang.String,int,long,boolean,<nulltype>
  reason: actual and formal argument lists differ in length
[ERROR] /C:/ISPP/Cerebrus/backend/src/test/java/com/cerebrus/actividadTest/GeneralServiceImplTest.java:[1388,48] method crearActClasificacion in class com.cerebrus.actividad.general.GeneralServiceImpl cannot be applied to given types;
  required: java.lang.String,java.lang.String,java.lang.Integer,java.lang.Long,java.lang.Boolean,java.lang.String,java.lang.Boolean,java.lang.Boolean,java.lang.Boolean,java.lang.Boolean
  found:    java.lang.String,java.lang.String,int,long,boolean,<nulltype>
  reason: actual and formal argument lists differ in length
[ERROR] /C:/ISPP/Cerebrus/backend/src/test/java/com/cerebrus/actividadTest/GeneralServiceImplTest.java:[1404,48] method crearActClasificacion in class com.cerebrus.actividad.general.GeneralServiceImpl cannot be applied to given types;
  required: java.lang.String,java.lang.String,java.lang.Integer,java.lang.Long,java.lang.Boolean,java.lang.String,java.lang.Boolean,java.lang.Boolean,java.lang.Boolean,java.lang.Boolean
  found:    java.lang.String,java.lang.String,int,long,boolean,<nulltype>
  reason: actual and formal argument lists differ in length
[ERROR] /C:/ISPP/Cerebrus/backend/src/test/java/com/cerebrus/actividadTest/GeneralServiceImplTest.java:[1651,43] method actualizarActAbierta in class com.cerebrus.actividad.general.GeneralServiceImpl cannot be applied to given types;
  required: java.lang.Long,java.lang.String,java.lang.String,java.lang.Integer,java.lang.Boolean,java.lang.String,java.util.List<java.lang.Long>,java.lang.Integer,java.lang.Integer,java.lang.Long,java.lang.String,java.lang.Boolean,java.lang.Boolean,java.lang.Boolean,java.lang.Boolean
  found:    long,java.lang.String,java.lang.String,int,boolean,java.lang.String,java.util.List<java.lang.Long>,int,int,long,java.lang.String
  reason: actual and formal argument lists differ in length
[ERROR] /C:/ISPP/Cerebrus/backend/src/test/java/com/cerebrus/actividadTest/GeneralServiceImplTest.java:[1674,48] method actualizarActAbierta in class com.cerebrus.actividad.general.GeneralServiceImpl cannot be applied to given types;
  required: java.lang.Long,java.lang.String,java.lang.String,java.lang.Integer,java.lang.Boolean,java.lang.String,java.util.List<java.lang.Long>,java.lang.Integer,java.lang.Integer,java.lang.Long,java.lang.String,java.lang.Boolean,java.lang.Boolean,java.lang.Boolean,java.lang.Boolean
  found:    long,java.lang.String,java.lang.String,int,boolean,java.lang.String,java.util.List<java.lang.Object>,int,int,long,<nulltype>
  reason: actual and formal argument lists differ in length
[ERROR] /C:/ISPP/Cerebrus/backend/src/test/java/com/cerebrus/actividadTest/GeneralServiceImplTest.java:[1698,48] method actualizarActAbierta in class com.cerebrus.actividad.general.GeneralServiceImpl cannot be applied to given types;
  required: java.lang.Long,java.lang.String,java.lang.String,java.lang.Integer,java.lang.Boolean,java.lang.String,java.util.List<java.lang.Long>,java.lang.Integer,java.lang.Integer,java.lang.Long,java.lang.String,java.lang.Boolean,java.lang.Boolean,java.lang.Boolean,java.lang.Boolean
  found:    long,java.lang.String,java.lang.String,int,boolean,java.lang.String,<nulltype>,int,int,long,<nulltype>
  reason: actual and formal argument lists differ in length
[ERROR] /C:/ISPP/Cerebrus/backend/src/test/java/com/cerebrus/actividadTest/GeneralServiceImplTest.java:[1727,48] method actualizarActAbierta in class com.cerebrus.actividad.general.GeneralServiceImpl cannot be applied to given types;
  required: java.lang.Long,java.lang.String,java.lang.String,java.lang.Integer,java.lang.Boolean,java.lang.String,java.util.List<java.lang.Long>,java.lang.Integer,java.lang.Integer,java.lang.Long,java.lang.String,java.lang.Boolean,java.lang.Boolean,java.lang.Boolean,java.lang.Boolean
  found:    long,java.lang.String,java.lang.String,int,boolean,java.lang.String,java.util.List<java.lang.Long>,int,int,long,<nulltype>
  reason: actual and formal argument lists differ in length
[ERROR] /C:/ISPP/Cerebrus/backend/src/test/java/com/cerebrus/actividadTest/GeneralServiceImplTest.java:[1759,48] method actualizarActAbierta in class com.cerebrus.actividad.general.GeneralServiceImpl cannot be applied to given types;
  required: java.lang.Long,java.lang.String,java.lang.String,java.lang.Integer,java.lang.Boolean,java.lang.String,java.util.List<java.lang.Long>,java.lang.Integer,java.lang.Integer,java.lang.Long,java.lang.String,java.lang.Boolean,java.lang.Boolean,java.lang.Boolean,java.lang.Boolean
  found:    long,java.lang.String,java.lang.String,int,boolean,java.lang.String,java.util.List<java.lang.Long>,int,int,long,<nulltype>
  reason: actual and formal argument lists differ in length
[ERROR] /C:/ISPP/Cerebrus/backend/src/test/java/com/cerebrus/actividadTest/OrdenacionControllerTest.java:[82,31] method crearActOrdenacion in interface com.cerebrus.actividad.ordenacion.OrdenacionService cannot be applied to given types;
  required: java.lang.String,java.lang.String,java.lang.Integer,java.lang.String,java.lang.Long,java.lang.Boolean,java.lang.String,java.lang.Integer,java.util.List<java.lang.String>,java.lang.Boolean,java.lang.Boolean,java.lang.Boolean,java.lang.Boolean
  found:    java.lang.String,java.lang.String,int,java.lang.String,long,boolean,java.lang.Object,int,java.lang.Object
  reason: actual and formal argument lists differ in length
[ERROR] /C:/ISPP/Cerebrus/backend/src/test/java/com/cerebrus/actividadTest/OrdenacionControllerTest.java:[92,34] method crearActOrdenacion in interface com.cerebrus.actividad.ordenacion.OrdenacionService cannot be applied to given types;
  required: java.lang.String,java.lang.String,java.lang.Integer,java.lang.String,java.lang.Long,java.lang.Boolean,java.lang.String,java.lang.Integer,java.util.List<java.lang.String>,java.lang.Boolean,java.lang.Boolean,java.lang.Boolean,java.lang.Boolean
  found:    java.lang.String,java.lang.String,int,java.lang.String,long,boolean,java.lang.Object,int,java.lang.Object
  reason: actual and formal argument lists differ in length
[ERROR] /C:/ISPP/Cerebrus/backend/src/test/java/com/cerebrus/actividadTest/OrdenacionControllerTest.java:[100,31] method crearActOrdenacion in interface com.cerebrus.actividad.ordenacion.OrdenacionService cannot be applied to given types;
  required: java.lang.String,java.lang.String,java.lang.Integer,java.lang.String,java.lang.Long,java.lang.Boolean,java.lang.String,java.lang.Integer,java.util.List<java.lang.String>,java.lang.Boolean,java.lang.Boolean,java.lang.Boolean,java.lang.Boolean
  found:    java.lang.Object,java.lang.Object,java.lang.Object,java.lang.Object,java.lang.Object,java.lang.Object,java.lang.Object,java.lang.Object,java.lang.Object
  reason: actual and formal argument lists differ in length
[ERROR] /C:/ISPP/Cerebrus/backend/src/test/java/com/cerebrus/actividadTest/OrdenacionControllerTest.java:[162,31] method actualizarActOrdenacion in interface com.cerebrus.actividad.ordenacion.OrdenacionService cannot be applied to given types;
  required: java.lang.Long,java.lang.String,java.lang.String,java.lang.Integer,java.lang.String,java.lang.Long,java.lang.Boolean,java.lang.String,java.lang.Integer,java.util.List<java.lang.String>,java.lang.Boolean,java.lang.Boolean,java.lang.Boolean,java.lang.Boolean
  found:    long,java.lang.Object,java.lang.Object,java.lang.Object,java.lang.Object,java.lang.Object,java.lang.Object,java.lang.Object,java.lang.Object,java.lang.Object
  reason: actual and formal argument lists differ in length
[ERROR] /C:/ISPP/Cerebrus/backend/src/test/java/com/cerebrus/actividadTest/OrdenacionControllerTest.java:[176,31] method actualizarActOrdenacion in interface com.cerebrus.actividad.ordenacion.OrdenacionService cannot be applied to given types;
  required: java.lang.Long,java.lang.String,java.lang.String,java.lang.Integer,java.lang.String,java.lang.Long,java.lang.Boolean,java.lang.String,java.lang.Integer,java.util.List<java.lang.String>,java.lang.Boolean,java.lang.Boolean,java.lang.Boolean,java.lang.Boolean
  found:    java.lang.Object,java.lang.Object,java.lang.Object,java.lang.Object,java.lang.Object,java.lang.Object,java.lang.Object,java.lang.Object,java.lang.Object,java.lang.Object
  reason: actual and formal argument lists differ in length
[ERROR] /C:/ISPP/Cerebrus/backend/src/test/java/com/cerebrus/actividadTest/OrdenacionControllerTest.java:[187,31] method actualizarActOrdenacion in interface com.cerebrus.actividad.ordenacion.OrdenacionService cannot be applied to given types;
  required: java.lang.Long,java.lang.String,java.lang.String,java.lang.Integer,java.lang.String,java.lang.Long,java.lang.Boolean,java.lang.String,java.lang.Integer,java.util.List<java.lang.String>,java.lang.Boolean,java.lang.Boolean,java.lang.Boolean,java.lang.Boolean
  found:    java.lang.Object,java.lang.Object,java.lang.Object,java.lang.Object,java.lang.Object,java.lang.Object,java.lang.Object,java.lang.Object,java.lang.Object,java.lang.Object
  reason: actual and formal argument lists differ in length
[ERROR] /C:/ISPP/Cerebrus/backend/src/test/java/com/cerebrus/actividadTest/OrdenacionServiceImplTest.java:[115,49] method crearActOrdenacion in class com.cerebrus.actividad.ordenacion.OrdenacionServiceImpl cannot be applied to given types;
  required: java.lang.String,java.lang.String,java.lang.Integer,java.lang.String,java.lang.Long,java.lang.Boolean,java.lang.String,java.lang.Integer,java.util.List<java.lang.String>,java.lang.Boolean,java.lang.Boolean,java.lang.Boolean,java.lang.Boolean
  found:    java.lang.String,java.lang.String,int,java.lang.String,long,boolean,<nulltype>,int,java.util.List<java.lang.String>
  reason: actual and formal argument lists differ in length
[ERROR] /C:/ISPP/Cerebrus/backend/src/test/java/com/cerebrus/actividadTest/OrdenacionServiceImplTest.java:[134,49] method crearActOrdenacion in class com.cerebrus.actividad.ordenacion.OrdenacionServiceImpl cannot be applied to given types;
  required: java.lang.String,java.lang.String,java.lang.Integer,java.lang.String,java.lang.Long,java.lang.Boolean,java.lang.String,java.lang.Integer,java.util.List<java.lang.String>,java.lang.Boolean,java.lang.Boolean,java.lang.Boolean,java.lang.Boolean
  found:    java.lang.String,java.lang.String,int,java.lang.String,long,boolean,java.lang.String,int,java.util.List<java.lang.String>
  reason: actual and formal argument lists differ in length
[ERROR] /C:/ISPP/Cerebrus/backend/src/test/java/com/cerebrus/actividadTest/OrdenacionServiceImplTest.java:[147,51] method crearActOrdenacion in class com.cerebrus.actividad.ordenacion.OrdenacionServiceImpl cannot be applied to given types;
  required: java.lang.String,java.lang.String,java.lang.Integer,java.lang.String,java.lang.Long,java.lang.Boolean,java.lang.String,java.lang.Integer,java.util.List<java.lang.String>,java.lang.Boolean,java.lang.Boolean,java.lang.Boolean,java.lang.Boolean
  found:    java.lang.String,java.lang.String,int,<nulltype>,long,boolean,<nulltype>,int,java.util.List<java.lang.String>
  reason: actual and formal argument lists differ in length
[ERROR] /C:/ISPP/Cerebrus/backend/src/test/java/com/cerebrus/actividadTest/OrdenacionServiceImplTest.java:[161,49] method crearActOrdenacion in class com.cerebrus.actividad.ordenacion.OrdenacionServiceImpl cannot be applied to given types;
  required: java.lang.String,java.lang.String,java.lang.Integer,java.lang.String,java.lang.Long,java.lang.Boolean,java.lang.String,java.lang.Integer,java.util.List<java.lang.String>,java.lang.Boolean,java.lang.Boolean,java.lang.Boolean,java.lang.Boolean
  found:    java.lang.String,java.lang.String,int,<nulltype>,long,boolean,<nulltype>,int,java.util.List<java.lang.String>
  reason: actual and formal argument lists differ in length
[ERROR] /C:/ISPP/Cerebrus/backend/src/test/java/com/cerebrus/actividadTest/OrdenacionServiceImplTest.java:[173,49] method crearActOrdenacion in class com.cerebrus.actividad.ordenacion.OrdenacionServiceImpl cannot be applied to given types;
  required: java.lang.String,java.lang.String,java.lang.Integer,java.lang.String,java.lang.Long,java.lang.Boolean,java.lang.String,java.lang.Integer,java.util.List<java.lang.String>,java.lang.Boolean,java.lang.Boolean,java.lang.Boolean,java.lang.Boolean
  found:    java.lang.String,<nulltype>,int,<nulltype>,long,boolean,<nulltype>,int,java.util.List<java.lang.String>
  reason: actual and formal argument lists differ in length
[ERROR] /C:/ISPP/Cerebrus/backend/src/test/java/com/cerebrus/actividadTest/OrdenacionServiceImplTest.java:[257,49] method actualizarActOrdenacion in class com.cerebrus.actividad.ordenacion.OrdenacionServiceImpl cannot be applied to given types;
  required: java.lang.Long,java.lang.String,java.lang.String,java.lang.Integer,java.lang.String,java.lang.Long,java.lang.Boolean,java.lang.String,java.lang.Integer,java.util.List<java.lang.String>,java.lang.Boolean,java.lang.Boolean,java.lang.Boolean,java.lang.Boolean
  found:    long,java.lang.String,java.lang.String,int,java.lang.String,long,boolean,<nulltype>,int,java.util.List<java.lang.String>
  reason: actual and formal argument lists differ in length
[ERROR] /C:/ISPP/Cerebrus/backend/src/test/java/com/cerebrus/actividadTest/OrdenacionServiceImplTest.java:[279,49] method actualizarActOrdenacion in class com.cerebrus.actividad.ordenacion.OrdenacionServiceImpl cannot be applied to given types;
  required: java.lang.Long,java.lang.String,java.lang.String,java.lang.Integer,java.lang.String,java.lang.Long,java.lang.Boolean,java.lang.String,java.lang.Integer,java.util.List<java.lang.String>,java.lang.Boolean,java.lang.Boolean,java.lang.Boolean,java.lang.Boolean
  found:    long,java.lang.String,java.lang.String,int,<nulltype>,long,boolean,<nulltype>,int,java.util.List<java.lang.String>
  reason: actual and formal argument lists differ in length
[ERROR] /C:/ISPP/Cerebrus/backend/src/test/java/com/cerebrus/actividadTest/OrdenacionServiceImplTest.java:[292,49] method actualizarActOrdenacion in class com.cerebrus.actividad.ordenacion.OrdenacionServiceImpl cannot be applied to given types;
  required: java.lang.Long,java.lang.String,java.lang.String,java.lang.Integer,java.lang.String,java.lang.Long,java.lang.Boolean,java.lang.String,java.lang.Integer,java.util.List<java.lang.String>,java.lang.Boolean,java.lang.Boolean,java.lang.Boolean,java.lang.Boolean
  found:    long,java.lang.String,java.lang.String,int,<nulltype>,long,boolean,java.lang.String,int,java.util.List<java.lang.String>
  reason: actual and formal argument lists differ in length
[ERROR] /C:/ISPP/Cerebrus/backend/src/test/java/com/cerebrus/actividadTest/OrdenacionServiceImplTest.java:[306,49] method actualizarActOrdenacion in class com.cerebrus.actividad.ordenacion.OrdenacionServiceImpl cannot be applied to given types;
  required: java.lang.Long,java.lang.String,java.lang.String,java.lang.Integer,java.lang.String,java.lang.Long,java.lang.Boolean,java.lang.String,java.lang.Integer,java.util.List<java.lang.String>,java.lang.Boolean,java.lang.Boolean,java.lang.Boolean,java.lang.Boolean
  found:    long,java.lang.String,java.lang.String,int,<nulltype>,long,boolean,java.lang.String,int,java.util.List<java.lang.String>
  reason: actual and formal argument lists differ in length
[ERROR] /C:/ISPP/Cerebrus/backend/src/test/java/com/cerebrus/actividadTest/OrdenacionServiceImplTest.java:[318,51] method actualizarActOrdenacion in class com.cerebrus.actividad.ordenacion.OrdenacionServiceImpl cannot be applied to given types;
  required: java.lang.Long,java.lang.String,java.lang.String,java.lang.Integer,java.lang.String,java.lang.Long,java.lang.Boolean,java.lang.String,java.lang.Integer,java.util.List<java.lang.String>,java.lang.Boolean,java.lang.Boolean,java.lang.Boolean,java.lang.Boolean
  found:    long,java.lang.String,java.lang.String,int,<nulltype>,long,boolean,<nulltype>,int,java.util.List<java.lang.String>
  reason: actual and formal argument lists differ in length
[ERROR] /C:/ISPP/Cerebrus/backend/src/test/java/com/cerebrus/actividadTest/OrdenacionServiceImplTest.java:[333,51] method actualizarActOrdenacion in class com.cerebrus.actividad.ordenacion.OrdenacionServiceImpl cannot be applied to given types;
  required: java.lang.Long,java.lang.String,java.lang.String,java.lang.Integer,java.lang.String,java.lang.Long,java.lang.Boolean,java.lang.String,java.lang.Integer,java.util.List<java.lang.String>,java.lang.Boolean,java.lang.Boolean,java.lang.Boolean,java.lang.Boolean
  found:    long,java.lang.String,java.lang.String,int,<nulltype>,long,boolean,<nulltype>,int,java.util.List<java.lang.String>
  reason: actual and formal argument lists differ in length
[ERROR] /C:/ISPP/Cerebrus/backend/src/test/java/com/cerebrus/marcarImagenTest/MarcarImagenControllerTest.java:[132,48] constructor MarcarImagenDTO in class com.cerebrus.actividad.marcarImagen.dto.MarcarImagenDTO cannot be applied to given types;
  required: java.lang.Long,java.lang.String,java.lang.String,java.lang.Integer,java.lang.String,java.lang.Boolean,java.lang.String,java.lang.Long,java.lang.String,java.util.List<com.cerebrus.puntoImagen.dto.PuntoImagenDTO>,java.lang.Boolean,java.lang.Boolean,java.lang.Boolean,java.lang.Boolean
  found:    long,java.lang.String,java.lang.String,int,java.lang.String,boolean,java.lang.String,long,java.lang.String,java.util.List<java.lang.Object>
  reason: actual and formal argument lists differ in length
[ERROR] /C:/ISPP/Cerebrus/backend/src/test/java/com/cerebrus/marcarImagenTest/MarcarImagenControllerTest.java:[141,43] constructor MarcarImagenDTO in class com.cerebrus.actividad.marcarImagen.dto.MarcarImagenDTO cannot be applied to given types;
  required: java.lang.Long,java.lang.String,java.lang.String,java.lang.Integer,java.lang.String,java.lang.Boolean,java.lang.String,java.lang.Long,java.lang.String,java.util.List<com.cerebrus.puntoImagen.dto.PuntoImagenDTO>,java.lang.Boolean,java.lang.Boolean,java.lang.Boolean,java.lang.Boolean
  found:    long,java.lang.String,java.lang.String,int,java.lang.String,boolean,java.lang.String,long,java.lang.String,java.util.List<java.lang.Object>
  reason: actual and formal argument lists differ in length
[ERROR] /C:/ISPP/Cerebrus/backend/src/test/java/com/cerebrus/marcarImagenTest/MarcarImagenControllerTest.java:[154,43] constructor MarcarImagenDTO in class com.cerebrus.actividad.marcarImagen.dto.MarcarImagenDTO cannot be applied to given types;
  required: java.lang.Long,java.lang.String,java.lang.String,java.lang.Integer,java.lang.String,java.lang.Boolean,java.lang.String,java.lang.Long,java.lang.String,java.util.List<com.cerebrus.puntoImagen.dto.PuntoImagenDTO>,java.lang.Boolean,java.lang.Boolean,java.lang.Boolean,java.lang.Boolean
  found:    long,java.lang.String,java.lang.String,int,java.lang.String,boolean,java.lang.String,long,java.lang.String,java.util.List<java.lang.Object>
  reason: actual and formal argument lists differ in length
[ERROR] /C:/ISPP/Cerebrus/backend/src/test/java/com/cerebrus/marcarImagenTest/MarcarImagenControllerTest.java:[167,24] constructor MarcarImagenDTO in class com.cerebrus.actividad.marcarImagen.dto.MarcarImagenDTO cannot be applied to given types;
  required: java.lang.Long,java.lang.String,java.lang.String,java.lang.Integer,java.lang.String,java.lang.Boolean,java.lang.String,java.lang.Long,java.lang.String,java.util.List<com.cerebrus.puntoImagen.dto.PuntoImagenDTO>,java.lang.Boolean,java.lang.Boolean,java.lang.Boolean,java.lang.Boolean
  found:    java.lang.Long,java.lang.String,java.lang.String,int,java.lang.String,boolean,java.lang.String,java.lang.Long,java.lang.String,java.util.List<com.cerebrus.puntoImagen.dto.PuntoImagenDTO>
  reason: actual and formal argument lists differ in length
[ERROR] /C:/ISPP/Cerebrus/backend/src/test/java/com/cerebrus/marcarImagenTest/MarcarImagenServiceImplTest.java:[88,31] constructor MarcarImagenDTO in class com.cerebrus.actividad.marcarImagen.dto.MarcarImagenDTO cannot be applied to given types;
  required: java.lang.Long,java.lang.String,java.lang.String,java.lang.Integer,java.lang.String,java.lang.Boolean,java.lang.String,java.lang.Long,java.lang.String,java.util.List<com.cerebrus.puntoImagen.dto.PuntoImagenDTO>,java.lang.Boolean,java.lang.Boolean,java.lang.Boolean,java.lang.Boolean
  found:    long,java.lang.String,java.lang.String,int,java.lang.String,boolean,java.lang.String,long,java.lang.String,java.util.List<java.lang.Object>
  reason: actual and formal argument lists differ in length
[ERROR] /C:/ISPP/Cerebrus/backend/src/test/java/com/cerebrus/marcarImagenTest/MarcarImagenServiceImplTest.java:[101,31] constructor MarcarImagenDTO in class com.cerebrus.actividad.marcarImagen.dto.MarcarImagenDTO cannot be applied to given types;
  required: java.lang.Long,java.lang.String,java.lang.String,java.lang.Integer,java.lang.String,java.lang.Boolean,java.lang.String,java.lang.Long,java.lang.String,java.util.List<com.cerebrus.puntoImagen.dto.PuntoImagenDTO>,java.lang.Boolean,java.lang.Boolean,java.lang.Boolean,java.lang.Boolean
  found:    long,java.lang.String,java.lang.String,int,java.lang.String,boolean,java.lang.String,long,java.lang.String,java.util.List<java.lang.Object>
  reason: actual and formal argument lists differ in length
[ERROR] /C:/ISPP/Cerebrus/backend/src/test/java/com/cerebrus/marcarImagenTest/MarcarImagenServiceImplTest.java:[114,31] constructor MarcarImagenDTO in class com.cerebrus.actividad.marcarImagen.dto.MarcarImagenDTO cannot be applied to given types;
  required: java.lang.Long,java.lang.String,java.lang.String,java.lang.Integer,java.lang.String,java.lang.Boolean,java.lang.String,java.lang.Long,java.lang.String,java.util.List<com.cerebrus.puntoImagen.dto.PuntoImagenDTO>,java.lang.Boolean,java.lang.Boolean,java.lang.Boolean,java.lang.Boolean
  found:    long,java.lang.String,java.lang.String,int,java.lang.String,boolean,java.lang.String,long,java.lang.String,java.util.List<java.lang.Object>
  reason: actual and formal argument lists differ in length
[ERROR] /C:/ISPP/Cerebrus/backend/src/test/java/com/cerebrus/marcarImagenTest/MarcarImagenServiceImplTest.java:[150,16] constructor MarcarImagenDTO in class com.cerebrus.actividad.marcarImagen.dto.MarcarImagenDTO cannot be applied to given types;
  required: java.lang.Long,java.lang.String,java.lang.String,java.lang.Integer,java.lang.String,java.lang.Boolean,java.lang.String,java.lang.Long,java.lang.String,java.util.List<com.cerebrus.puntoImagen.dto.PuntoImagenDTO>,java.lang.Boolean,java.lang.Boolean,java.lang.Boolean,java.lang.Boolean
  found:    java.lang.Long,java.lang.String,java.lang.String,int,java.lang.String,boolean,java.lang.String,java.lang.Long,java.lang.String,java.util.List<com.cerebrus.puntoImagen.dto.PuntoImagenDTO>
  reason: actual and formal argument lists differ in length
[ERROR] /C:/ISPP/Cerebrus/backend/src/test/java/com/cerebrus/marcarImagenTest/MarcarImagenServiceImplTest.java:[309,31] constructor MarcarImagenDTO in class com.cerebrus.actividad.marcarImagen.dto.MarcarImagenDTO cannot be applied to given types;
  required: java.lang.Long,java.lang.String,java.lang.String,java.lang.Integer,java.lang.String,java.lang.Boolean,java.lang.String,java.lang.Long,java.lang.String,java.util.List<com.cerebrus.puntoImagen.dto.PuntoImagenDTO>,java.lang.Boolean,java.lang.Boolean,java.lang.Boolean,java.lang.Boolean
  found:    long,java.lang.String,java.lang.String,int,java.lang.String,boolean,java.lang.String,long,java.lang.String,java.util.List<java.lang.Object>
  reason: actual and formal argument lists differ in length
[ERROR] /C:/ISPP/Cerebrus/backend/src/test/java/com/cerebrus/marcarImagenTest/MarcarImagenServiceImplTest.java:[327,31] constructor MarcarImagenDTO in class com.cerebrus.actividad.marcarImagen.dto.MarcarImagenDTO cannot be applied to given types;
  required: java.lang.Long,java.lang.String,java.lang.String,java.lang.Integer,java.lang.String,java.lang.Boolean,java.lang.String,java.lang.Long,java.lang.String,java.util.List<com.cerebrus.puntoImagen.dto.PuntoImagenDTO>,java.lang.Boolean,java.lang.Boolean,java.lang.Boolean,java.lang.Boolean
  found:    long,java.lang.String,java.lang.String,int,java.lang.String,boolean,java.lang.String,long,java.lang.String,java.util.List<java.lang.Object>
  reason: actual and formal argument lists differ in length
[ERROR] /C:/ISPP/Cerebrus/backend/src/test/java/com/cerebrus/marcarImagenTest/MarcarImagenServiceImplTest.java:[354,31] constructor MarcarImagenDTO in class com.cerebrus.actividad.marcarImagen.dto.MarcarImagenDTO cannot be applied to given types;
  required: java.lang.Long,java.lang.String,java.lang.String,java.lang.Integer,java.lang.String,java.lang.Boolean,java.lang.String,java.lang.Long,java.lang.String,java.util.List<com.cerebrus.puntoImagen.dto.PuntoImagenDTO>,java.lang.Boolean,java.lang.Boolean,java.lang.Boolean,java.lang.Boolean
  found:    long,java.lang.String,java.lang.String,int,java.lang.String,boolean,java.lang.String,long,java.lang.String,java.util.List<com.cerebrus.puntoImagen.dto.PuntoImagenDTO>
  reason: actual and formal argument lists differ in length
[ERROR] /C:/ISPP/Cerebrus/backend/src/test/java/com/cerebrus/marcarImagenTest/MarcarImagenServiceImplTest.java:[386,31] constructor MarcarImagenDTO in class com.cerebrus.actividad.marcarImagen.dto.MarcarImagenDTO cannot be applied to given types;
  required: java.lang.Long,java.lang.String,java.lang.String,java.lang.Integer,java.lang.String,java.lang.Boolean,java.lang.String,java.lang.Long,java.lang.String,java.util.List<com.cerebrus.puntoImagen.dto.PuntoImagenDTO>,java.lang.Boolean,java.lang.Boolean,java.lang.Boolean,java.lang.Boolean
  found:    long,java.lang.String,java.lang.String,int,java.lang.String,boolean,java.lang.String,long,java.lang.String,java.util.List<com.cerebrus.puntoImagen.dto.PuntoImagenDTO>
  reason: actual and formal argument lists differ in length
[ERROR] /C:/ISPP/Cerebrus/backend/src/test/java/com/cerebrus/marcarImagenTest/MarcarImagenServiceImplTest.java:[408,31] constructor MarcarImagenDTO in class com.cerebrus.actividad.marcarImagen.dto.MarcarImagenDTO cannot be applied to given types;
  required: java.lang.Long,java.lang.String,java.lang.String,java.lang.Integer,java.lang.String,java.lang.Boolean,java.lang.String,java.lang.Long,java.lang.String,java.util.List<com.cerebrus.puntoImagen.dto.PuntoImagenDTO>,java.lang.Boolean,java.lang.Boolean,java.lang.Boolean,java.lang.Boolean
  found:    long,java.lang.String,java.lang.String,int,java.lang.String,boolean,java.lang.String,long,java.lang.String,java.util.List<java.lang.Object>
  reason: actual and formal argument lists differ in length
[ERROR] /C:/ISPP/Cerebrus/backend/src/test/java/com/cerebrus/marcarImagenTest/MarcarImagenServiceImplTest.java:[427,31] constructor MarcarImagenDTO in class com.cerebrus.actividad.marcarImagen.dto.MarcarImagenDTO cannot be applied to given types;
  required: java.lang.Long,java.lang.String,java.lang.String,java.lang.Integer,java.lang.String,java.lang.Boolean,java.lang.String,java.lang.Long,java.lang.String,java.util.List<com.cerebrus.puntoImagen.dto.PuntoImagenDTO>,java.lang.Boolean,java.lang.Boolean,java.lang.Boolean,java.lang.Boolean
  found:    long,java.lang.String,java.lang.String,int,java.lang.String,boolean,java.lang.String,long,java.lang.String,java.util.List<java.lang.Object>
  reason: actual and formal argument lists differ in length
[ERROR] /C:/ISPP/Cerebrus/backend/src/test/java/com/cerebrus/tableroTest/TableroControllerTest.java:[52,34] constructor TableroDTO in class com.cerebrus.actividad.tablero.dto.TableroDTO cannot be applied to given types;
  required: java.lang.Long,java.lang.String,java.lang.String,java.lang.Boolean,java.lang.Integer,java.lang.Integer,java.lang.Boolean,java.lang.Long,java.util.List<com.cerebrus.pregunta.dto.PreguntaDTO>,java.lang.Boolean,java.lang.Boolean,java.lang.Boolean,java.lang.Boolean
  found:    long,java.lang.String,java.lang.String,boolean,int,int,boolean,long,java.util.ArrayList<java.lang.Object>
  reason: actual and formal argument lists differ in length
[ERROR] /C:/ISPP/Cerebrus/backend/src/test/java/com/cerebrus/tableroTest/TableroControllerTest.java:[65,34] constructor TableroDTO in class com.cerebrus.actividad.tablero.dto.TableroDTO cannot be applied to given types;
  required: java.lang.Long,java.lang.String,java.lang.String,java.lang.Boolean,java.lang.Integer,java.lang.Integer,java.lang.Boolean,java.lang.Long,java.util.List<com.cerebrus.pregunta.dto.PreguntaDTO>,java.lang.Boolean,java.lang.Boolean,java.lang.Boolean,java.lang.Boolean
  found:    long,java.lang.String,java.lang.String,boolean,int,int,boolean,long,java.util.ArrayList<java.lang.Object>
  reason: actual and formal argument lists differ in length
[ERROR] /C:/ISPP/Cerebrus/backend/src/test/java/com/cerebrus/tableroTest/TableroControllerTest.java:[86,34] constructor TableroDTO in class com.cerebrus.actividad.tablero.dto.TableroDTO cannot be applied to given types;
  required: java.lang.Long,java.lang.String,java.lang.String,java.lang.Boolean,java.lang.Integer,java.lang.Integer,java.lang.Boolean,java.lang.Long,java.util.List<com.cerebrus.pregunta.dto.PreguntaDTO>,java.lang.Boolean,java.lang.Boolean,java.lang.Boolean,java.lang.Boolean
  found:    long,java.lang.String,java.lang.String,boolean,int,int,boolean,long,java.util.ArrayList<java.lang.Object>
  reason: actual and formal argument lists differ in length
[ERROR] /C:/ISPP/Cerebrus/backend/src/test/java/com/cerebrus/tableroTest/TableroControllerTest.java:[112,34] constructor TableroDTO in class com.cerebrus.actividad.tablero.dto.TableroDTO cannot be applied to given types;
  required: java.lang.Long,java.lang.String,java.lang.String,java.lang.Boolean,java.lang.Integer,java.lang.Integer,java.lang.Boolean,java.lang.Long,java.util.List<com.cerebrus.pregunta.dto.PreguntaDTO>,java.lang.Boolean,java.lang.Boolean,java.lang.Boolean,java.lang.Boolean
  found:    long,java.lang.String,java.lang.String,boolean,int,int,boolean,long,java.util.ArrayList<java.lang.Object>
  reason: actual and formal argument lists differ in length
[INFO] 100 errors 
[INFO] -------------------------------------------------------------
[INFO] ------------------------------------------------------------------------
[INFO] BUILD FAILURE
[INFO] ------------------------------------------------------------------------
[INFO] Total time:  20.972 s
[INFO] Finished at: 2026-04-09T19:43:26+02:00
[INFO] ------------------------------------------------------------------------
[ERROR] Failed to execute goal org.apache.maven.plugins:maven-compiler-plugin:3.14.1:testCompile (default-testCompile) on project demo: Compilation failure: Compilation failure: 
[ERROR] /C:/ISPP/Cerebrus/backend/src/test/java/com/cerebrus/actividadTest/GeneralControllerTest.java:[72,36] method crearActGeneral in interface com.cerebrus.actividad.general.GeneralService cannot be applied to given types;
[ERROR]   required: java.lang.String,java.lang.String,java.lang.Integer,java.lang.Long,java.lang.Boolean,java.lang.String,java.lang.Boolean,java.lang.Boolean,java.lang.Boolean,java.lang.Boolean
[ERROR]   found:    java.lang.String,java.lang.String,int,long,boolean,java.lang.String
[ERROR]   reason: actual and formal argument lists differ in length
[ERROR] /C:/ISPP/Cerebrus/backend/src/test/java/com/cerebrus/actividadTest/GeneralControllerTest.java:[79,39] method crearActGeneral in interface com.cerebrus.actividad.general.GeneralService cannot be applied to given types;
[ERROR]   required: java.lang.String,java.lang.String,java.lang.Integer,java.lang.Long,java.lang.Boolean,java.lang.String,java.lang.Boolean,java.lang.Boolean,java.lang.Boolean,java.lang.Boolean
[ERROR]   found:    java.lang.String,java.lang.String,int,long,boolean,java.lang.String
[ERROR]   reason: actual and formal argument lists differ in length
[ERROR] /C:/ISPP/Cerebrus/backend/src/test/java/com/cerebrus/actividadTest/GeneralControllerTest.java:[99,36] method crearActGeneral in interface com.cerebrus.actividad.general.GeneralService cannot be applied to given types;
[ERROR]   required: java.lang.String,java.lang.String,java.lang.Integer,java.lang.Long,java.lang.Boolean,java.lang.String,java.lang.Boolean,java.lang.Boolean,java.lang.Boolean,java.lang.Boolean
[ERROR]   found:    java.lang.String,<nulltype>,int,long,boolean,<nulltype>
[ERROR]   reason: actual and formal argument lists differ in length
[ERROR] /C:/ISPP/Cerebrus/backend/src/test/java/com/cerebrus/actividadTest/GeneralControllerTest.java:[160,36] method crearActTipoTest in interface com.cerebrus.actividad.general.GeneralService cannot be applied to given types;
[ERROR]   required: java.lang.String,java.lang.String,java.lang.Integer,java.lang.Long,java.lang.Boolean,java.lang.String,java.util.List<java.lang.Long>,java.lang.Boolean,java.lang.Boolean,java.lang.Boolean,java.lang.Boolean
[ERROR]   found:    java.lang.String,java.lang.String,int,long,boolean,java.lang.String,java.lang.Object
[ERROR]   reason: actual and formal argument lists differ in length
[ERROR] /C:/ISPP/Cerebrus/backend/src/test/java/com/cerebrus/actividadTest/GeneralControllerTest.java:[168,39] method crearActTipoTest in interface com.cerebrus.actividad.general.GeneralService cannot be applied to given types;
[ERROR]   required: java.lang.String,java.lang.String,java.lang.Integer,java.lang.Long,java.lang.Boolean,java.lang.String,java.util.List<java.lang.Long>,java.lang.Boolean,java.lang.Boolean,java.lang.Boolean,java.lang.Boolean
[ERROR]   found:    java.lang.String,java.lang.String,int,long,boolean,java.lang.String,java.util.List<java.lang.Long>
[ERROR]   reason: actual and formal argument lists differ in length
[ERROR] /C:/ISPP/Cerebrus/backend/src/test/java/com/cerebrus/actividadTest/GeneralControllerTest.java:[189,36] method crearActTipoTest in interface com.cerebrus.actividad.general.GeneralService cannot be applied to given types;
[ERROR]   required: java.lang.String,java.lang.String,java.lang.Integer,java.lang.Long,java.lang.Boolean,java.lang.String,java.util.List<java.lang.Long>,java.lang.Boolean,java.lang.Boolean,java.lang.Boolean,java.lang.Boolean
[ERROR]   found:    java.lang.String,java.lang.String,int,long,boolean,java.lang.Object,java.lang.Object
[ERROR]   reason: actual and formal argument lists differ in length
[ERROR] /C:/ISPP/Cerebrus/backend/src/test/java/com/cerebrus/actividadTest/GeneralControllerTest.java:[194,39] method crearActTipoTest in interface com.cerebrus.actividad.general.GeneralService cannot be applied to given types;
[ERROR]   required: java.lang.String,java.lang.String,java.lang.Integer,java.lang.Long,java.lang.Boolean,java.lang.String,java.util.List<java.lang.Long>,java.lang.Boolean,java.lang.Boolean,java.lang.Boolean,java.lang.Boolean
[ERROR]   found:    java.lang.String,java.lang.String,int,long,boolean,java.lang.Object,java.util.List<java.lang.Long>
[ERROR]   reason: actual and formal argument lists differ in length
[ERROR] /C:/ISPP/Cerebrus/backend/src/test/java/com/cerebrus/actividadTest/GeneralControllerTest.java:[218,48] method crearActTipoTest in interface com.cerebrus.actividad.general.GeneralService cannot be applied to given types;
[ERROR]   required: java.lang.String,java.lang.String,java.lang.Integer,java.lang.Long,java.lang.Boolean,java.lang.String,java.util.List<java.lang.Long>,java.lang.Boolean,java.lang.Boolean,java.lang.Boolean,java.lang.Boolean
[ERROR]   found:    java.lang.Object,java.lang.Object,java.lang.Object,java.lang.Object,java.lang.Object,java.lang.Object,java.lang.Object
[ERROR]   reason: actual and formal argument lists differ in length
[ERROR] /C:/ISPP/Cerebrus/backend/src/test/java/com/cerebrus/actividadTest/GeneralControllerTest.java:[257,39] method actualizarActGeneral in interface com.cerebrus.actividad.general.GeneralService cannot be applied to given types;
[ERROR]   required: java.lang.Long,java.lang.String,java.lang.String,java.lang.Integer,java.lang.Boolean,java.lang.String,java.lang.Integer,java.lang.Integer,java.lang.Long,java.lang.String,java.lang.Boolean,java.lang.Boolean,java.lang.Boolean,java.lang.Boolean
[ERROR]   found:    long,java.lang.String,java.lang.String,java.lang.Integer,boolean,java.lang.String,java.lang.Integer,java.lang.Integer,long,<nulltype>
[ERROR]   reason: actual and formal argument lists differ in length
[ERROR] /C:/ISPP/Cerebrus/backend/src/test/java/com/cerebrus/actividadTest/GeneralControllerTest.java:[281,43] constructor GeneralTestDTO in class com.cerebrus.actividad.general.dto.GeneralTestDTO cannot be applied to given types;
[ERROR]   required: java.lang.Long,java.lang.String,java.lang.String,java.lang.Integer,java.lang.String,java.lang.Boolean,java.lang.String,java.lang.Integer,java.lang.Integer,java.lang.Long,java.util.List<com.cerebrus.pregunta.dto.PreguntaDTO>,java.lang.Boolean,java.lang.Boolean,java.lang.Boolean,java.lang.Boolean
[ERROR]   found:    long,java.lang.String,java.lang.String,int,<nulltype>,boolean,java.lang.String,int,int,long,java.util.List<java.lang.Object>
[ERROR]   reason: actual and formal argument lists differ in length
[ERROR] /C:/ISPP/Cerebrus/backend/src/test/java/com/cerebrus/actividadTest/GeneralControllerTest.java:[284,36] method actualizarActTipoTest in interface com.cerebrus.actividad.general.GeneralService cannot be applied to given types;
[ERROR]   required: java.lang.Long,java.lang.String,java.lang.String,java.lang.Integer,java.lang.Boolean,java.lang.String,java.util.List<java.lang.Long>,java.lang.Integer,java.lang.Integer,java.lang.Long,java.lang.String,java.lang.Boolean,java.lang.Boolean,java.lang.Boolean,java.lang.Boolean
[ERROR]   found:    long,java.lang.String,java.lang.String,int,boolean,java.lang.String,java.lang.Object,int,int,long,java.lang.Object
[ERROR]   reason: actual and formal argument lists differ in length
[ERROR] /C:/ISPP/Cerebrus/backend/src/test/java/com/cerebrus/actividadTest/GeneralControllerTest.java:[293,39] method actualizarActTipoTest in interface com.cerebrus.actividad.general.GeneralService cannot be applied to given types;
[ERROR]   required: java.lang.Long,java.lang.String,java.lang.String,java.lang.Integer,java.lang.Boolean,java.lang.String,java.util.List<java.lang.Long>,java.lang.Integer,java.lang.Integer,java.lang.Long,java.lang.String,java.lang.Boolean,java.lang.Boolean,java.lang.Boolean,java.lang.Boolean
[ERROR]   found:    long,java.lang.String,java.lang.String,int,boolean,java.lang.String,java.util.List<java.lang.Long>,int,int,long,java.lang.Object
[ERROR]   reason: actual and formal argument lists differ in length
[ERROR] /C:/ISPP/Cerebrus/backend/src/test/java/com/cerebrus/actividadTest/GeneralControllerTest.java:[367,28] method crearActAbierta in interface com.cerebrus.actividad.general.GeneralService cannot be applied to given types;
[ERROR]   required: java.lang.String,java.lang.String,java.lang.Integer,java.lang.Long,java.lang.Boolean,java.lang.String,java.util.List<java.lang.Long>,java.lang.String,java.lang.Boolean,java.lang.Boolean,java.lang.Boolean,java.lang.Boolean
[ERROR]   found:    java.lang.Object,java.lang.Object,java.lang.Object,java.lang.Object,java.lang.Object,java.lang.Object,java.lang.Object,java.lang.Object
[ERROR]   reason: actual and formal argument lists differ in length
[ERROR] /C:/ISPP/Cerebrus/backend/src/test/java/com/cerebrus/actividadTest/GeneralControllerTest.java:[375,31] method crearActAbierta in interface com.cerebrus.actividad.general.GeneralService cannot be applied to given types;
[ERROR]   required: java.lang.String,java.lang.String,java.lang.Integer,java.lang.Long,java.lang.Boolean,java.lang.String,java.util.List<java.lang.Long>,java.lang.String,java.lang.Boolean,java.lang.Boolean,java.lang.Boolean,java.lang.Boolean
[ERROR]   found:    java.lang.String,java.lang.Object,java.lang.Object,long,java.lang.Object,java.lang.Object,java.util.List<java.lang.Long>,java.lang.Object
[ERROR]   reason: actual and formal argument lists differ in length
[ERROR] /C:/ISPP/Cerebrus/backend/src/test/java/com/cerebrus/actividadTest/GeneralControllerTest.java:[414,36] method actualizarActClasificacion in interface com.cerebrus.actividad.general.GeneralService cannot be applied to given types;
[ERROR]   required: java.lang.Long,java.lang.String,java.lang.String,java.lang.Integer,java.lang.Boolean,java.lang.String,java.util.List<java.lang.Long>,java.lang.Integer,java.lang.Integer,java.lang.Long,java.lang.Boolean,java.lang.Boolean,java.lang.Boolean,java.lang.Boolean
[ERROR]   found:    long,java.lang.Object,java.lang.Object,java.lang.Object,java.lang.Object,java.lang.Object,java.lang.Object,java.lang.Object,java.lang.Object,java.lang.Object
[ERROR]   reason: actual and formal argument lists differ in length
[ERROR] /C:/ISPP/Cerebrus/backend/src/test/java/com/cerebrus/actividadTest/GeneralControllerTest.java:[515,28] method crearActCarta in interface com.cerebrus.actividad.general.GeneralService cannot be applied to given types;
[ERROR]   required: java.lang.String,java.lang.String,java.lang.Integer,java.lang.Long,java.lang.Boolean,java.lang.String,java.util.List<java.lang.Long>,java.lang.Boolean,java.lang.Boolean,java.lang.Boolean,java.lang.Boolean
[ERROR]   found:    java.lang.String,java.lang.String,int,long,boolean,java.lang.String,java.lang.Object
[ERROR]   reason: actual and formal argument lists differ in length
[ERROR] /C:/ISPP/Cerebrus/backend/src/test/java/com/cerebrus/actividadTest/GeneralControllerTest.java:[533,31] method crearActCarta in interface com.cerebrus.actividad.general.GeneralService cannot be applied to given types;
[ERROR]   required: java.lang.String,java.lang.String,java.lang.Integer,java.lang.Long,java.lang.Boolean,java.lang.String,java.util.List<java.lang.Long>,java.lang.Boolean,java.lang.Boolean,java.lang.Boolean,java.lang.Boolean
[ERROR]   found:    java.lang.Object,java.lang.Object,java.lang.Object,java.lang.Object,java.lang.Object,java.lang.Object,java.util.List<java.lang.Long>
[ERROR]   reason: actual and formal argument lists differ in length
[ERROR] /C:/ISPP/Cerebrus/backend/src/test/java/com/cerebrus/actividadTest/GeneralControllerTest.java:[575,31] method actualizarActCarta in interface com.cerebrus.actividad.general.GeneralService cannot be applied to given types;
[ERROR]   required: java.lang.Long,java.lang.String,java.lang.String,java.lang.Integer,java.lang.Boolean,java.lang.String,java.util.List<java.lang.Long>,java.lang.Integer,java.lang.Integer,java.lang.Long,java.lang.String,java.lang.Boolean,java.lang.Boolean,java.lang.Boolean,java.lang.Boolean
[ERROR]   found:    long,java.lang.String,java.lang.String,int,boolean,java.lang.String,java.util.List<java.lang.Long>,int,int,long,java.lang.String
[ERROR]   reason: actual and formal argument lists differ in length
[ERROR] /C:/ISPP/Cerebrus/backend/src/test/java/com/cerebrus/actividadTest/GeneralControllerTest.java:[611,28] method crearActClasificacion in interface com.cerebrus.actividad.general.GeneralService cannot be applied to given types;
[ERROR]   required: java.lang.String,java.lang.String,java.lang.Integer,java.lang.Long,java.lang.Boolean,java.lang.String,java.lang.Boolean,java.lang.Boolean,java.lang.Boolean,java.lang.Boolean
[ERROR]   found:    java.lang.String,java.lang.String,int,long,boolean,java.lang.String
[ERROR]   reason: actual and formal argument lists differ in length
[ERROR] /C:/ISPP/Cerebrus/backend/src/test/java/com/cerebrus/actividadTest/GeneralControllerTest.java:[628,31] method crearActClasificacion in interface com.cerebrus.actividad.general.GeneralService cannot be applied to given types;
[ERROR]   required: java.lang.String,java.lang.String,java.lang.Integer,java.lang.Long,java.lang.Boolean,java.lang.String,java.lang.Boolean,java.lang.Boolean,java.lang.Boolean,java.lang.Boolean
[ERROR]   found:    java.lang.Object,java.lang.Object,java.lang.Object,java.lang.Object,java.lang.Object,java.lang.Object
[ERROR]   reason: actual and formal argument lists differ in length
[ERROR] /C:/ISPP/Cerebrus/backend/src/test/java/com/cerebrus/actividadTest/GeneralDTOTests.java:[71,40] constructor GeneralAbiertaMaestroDTO in class com.cerebrus.actividad.general.dto.GeneralAbiertaMaestroDTO cannot be applied to given types;
[ERROR]   required: java.lang.Long,java.lang.String,java.lang.String,java.lang.Integer,java.lang.String,java.lang.Boolean,java.lang.String,java.lang.Integer,java.lang.Integer,java.lang.Long,java.util.List<com.cerebrus.pregunta.dto.PreguntaMaestroDTO>,java.lang.Boolean,java.lang.Boolean,java.lang.Boolean,java.lang.Boolean
[ERROR]   found:    long,java.lang.String,java.lang.String,int,java.lang.String,boolean,java.lang.String,int,int,long,java.util.List<com.cerebrus.pregunta.dto.PreguntaMaestroDTO>
[ERROR]   reason: actual and formal argument lists differ in length
[ERROR] /C:/ISPP/Cerebrus/backend/src/test/java/com/cerebrus/actividadTest/GeneralDTOTests.java:[108,31] constructor GeneralCartaDTO in class com.cerebrus.actividad.general.dto.GeneralCartaDTO cannot be applied to given types;
[ERROR]   required: java.lang.Long,java.lang.String,java.lang.String,java.lang.Integer,java.lang.String,java.lang.Boolean,java.lang.String,java.lang.Integer,java.lang.Integer,java.lang.Long,java.util.List<com.cerebrus.pregunta.dto.PreguntaDTO>,java.lang.Boolean,java.lang.Boolean,java.lang.Boolean,java.lang.Boolean
[ERROR]   found:    long,java.lang.String,java.lang.String,int,java.lang.String,boolean,java.lang.String,int,int,long,java.util.List<com.cerebrus.pregunta.dto.PreguntaDTO>
[ERROR]   reason: actual and formal argument lists differ in length
[ERROR] /C:/ISPP/Cerebrus/backend/src/test/java/com/cerebrus/actividadTest/GeneralDTOTests.java:[144,38] constructor GeneralCartaMaestroDTO in class com.cerebrus.actividad.general.dto.GeneralCartaMaestroDTO cannot be applied to given types;
[ERROR]   required: java.lang.Long,java.lang.String,java.lang.String,java.lang.Integer,java.lang.String,java.lang.Boolean,java.lang.String,java.lang.Integer,java.lang.Integer,java.lang.Long,java.util.List<com.cerebrus.pregunta.dto.PreguntaMaestroDTO>,java.lang.Boolean,java.lang.Boolean,java.lang.Boolean,java.lang.Boolean
[ERROR]   found:    long,java.lang.String,java.lang.String,int,java.lang.String,boolean,java.lang.String,int,int,long,java.util.List<com.cerebrus.pregunta.dto.PreguntaMaestroDTO>
[ERROR]   reason: actual and formal argument lists differ in length
[ERROR] /C:/ISPP/Cerebrus/backend/src/test/java/com/cerebrus/actividadTest/GeneralDTOTests.java:[180,39] constructor GeneralClasificacionDTO in class com.cerebrus.actividad.general.dto.GeneralClasificacionDTO cannot be applied to given types;
[ERROR]   required: java.lang.Long,java.lang.String,java.lang.String,java.lang.Integer,java.lang.String,java.lang.Boolean,java.lang.String,java.lang.Integer,java.lang.Integer,java.lang.Long,java.util.List<com.cerebrus.pregunta.dto.PreguntaDTO>,java.lang.Boolean,java.lang.Boolean,java.lang.Boolean,java.lang.Boolean
[ERROR]   found:    long,java.lang.String,java.lang.String,int,java.lang.String,boolean,java.lang.String,int,int,long,java.util.List<com.cerebrus.pregunta.dto.PreguntaDTO>
[ERROR]   reason: actual and formal argument lists differ in length
[ERROR] /C:/ISPP/Cerebrus/backend/src/test/java/com/cerebrus/actividadTest/GeneralDTOTests.java:[216,46] constructor GeneralClasificacionMaestroDTO in class com.cerebrus.actividad.general.dto.GeneralClasificacionMaestroDTO cannot be applied to given types;
[ERROR]   required: java.lang.Long,java.lang.String,java.lang.String,java.lang.Integer,java.lang.String,java.lang.Boolean,java.lang.String,java.lang.Integer,java.lang.Integer,java.lang.Long,java.util.List<com.cerebrus.pregunta.dto.PreguntaMaestroDTO>,java.lang.Boolean,java.lang.Boolean,java.lang.Boolean,java.lang.Boolean
[ERROR]   found:    long,java.lang.String,java.lang.String,int,java.lang.String,boolean,java.lang.String,int,int,long,java.util.List<com.cerebrus.pregunta.dto.PreguntaMaestroDTO>
[ERROR]   reason: actual and formal argument lists differ in length
[ERROR] /C:/ISPP/Cerebrus/backend/src/test/java/com/cerebrus/actividadTest/GeneralDTOTests.java:[252,26] constructor GeneralDTO in class com.cerebrus.actividad.general.dto.GeneralDTO cannot be applied to given types;
[ERROR]   required: java.lang.Long,java.lang.String,java.lang.String,java.lang.Integer,java.lang.String,java.lang.Boolean,java.lang.String,java.lang.Integer,java.lang.Integer,java.lang.Long,com.cerebrus.comun.enumerados.TipoActGeneral,java.lang.Boolean,java.lang.Boolean,java.lang.Boolean,java.lang.Boolean
[ERROR]   found:    long,java.lang.String,java.lang.String,int,java.lang.String,boolean,java.lang.String,int,int,long,com.cerebrus.comun.enumerados.TipoActGeneral
[ERROR]   reason: actual and formal argument lists differ in length
[ERROR] /C:/ISPP/Cerebrus/backend/src/test/java/com/cerebrus/actividadTest/GeneralDTOTests.java:[293,30] constructor GeneralTestDTO in class com.cerebrus.actividad.general.dto.GeneralTestDTO cannot be applied to given types;
[ERROR]   required: java.lang.Long,java.lang.String,java.lang.String,java.lang.Integer,java.lang.String,java.lang.Boolean,java.lang.String,java.lang.Integer,java.lang.Integer,java.lang.Long,java.util.List<com.cerebrus.pregunta.dto.PreguntaDTO>,java.lang.Boolean,java.lang.Boolean,java.lang.Boolean,java.lang.Boolean
[ERROR]   found:    long,java.lang.String,java.lang.String,int,java.lang.String,boolean,java.lang.String,int,int,long,java.util.List<com.cerebrus.pregunta.dto.PreguntaDTO>
[ERROR]   reason: actual and formal argument lists differ in length
[ERROR] /C:/ISPP/Cerebrus/backend/src/test/java/com/cerebrus/actividadTest/GeneralDTOTests.java:[329,37] constructor GeneralTestMaestroDTO in class com.cerebrus.actividad.general.dto.GeneralTestMaestroDTO cannot be applied to given types;
[ERROR]   required: java.lang.Long,java.lang.String,java.lang.String,java.lang.Integer,java.lang.String,java.lang.Boolean,java.lang.String,java.lang.Integer,java.lang.Integer,java.lang.Long,java.util.List<com.cerebrus.pregunta.dto.PreguntaMaestroDTO>,java.lang.Boolean,java.lang.Boolean,java.lang.Boolean,java.lang.Boolean
[ERROR]   found:    long,java.lang.String,java.lang.String,int,java.lang.String,boolean,java.lang.String,int,int,long,java.util.List<com.cerebrus.pregunta.dto.PreguntaMaestroDTO>
[ERROR]   reason: actual and formal argument lists differ in length
[ERROR] /C:/ISPP/Cerebrus/backend/src/test/java/com/cerebrus/actividadTest/GeneralDTOTests.java:[382,29] constructor OrdenacionDTO in class com.cerebrus.actividad.ordenacion.dto.OrdenacionDTO cannot be applied to given types;
[ERROR]   required: java.lang.Long,java.lang.String,java.lang.String,java.lang.Integer,java.lang.String,java.lang.Boolean,java.lang.String,java.lang.Integer,java.lang.Long,java.util.List<java.lang.String>,java.lang.Boolean,java.lang.Boolean,java.lang.Boolean,java.lang.Boolean
[ERROR]   found:    long,java.lang.String,java.lang.String,int,java.lang.String,boolean,java.lang.String,int,long,java.util.List<java.lang.String>
[ERROR]   reason: actual and formal argument lists differ in length
[ERROR] /C:/ISPP/Cerebrus/backend/src/test/java/com/cerebrus/actividadTest/GeneralDTOTests.java:[409,33] no suitable constructor found for Ordenacion(java.lang.String,java.lang.String,int,java.lang.String,boolean,int,int,com.cerebrus.tema.Tema,java.util.List<java.lang.String>)
[ERROR]     constructor com.cerebrus.actividad.ordenacion.Ordenacion.Ordenacion() is not applicable
[ERROR]       (actual and formal argument lists differ in length)
[ERROR]     constructor com.cerebrus.actividad.ordenacion.Ordenacion.Ordenacion(java.lang.String,java.lang.String,java.lang.Integer,java.lang.String,java.lang.Boolean,java.lang.Integer,java.lang.Integer,com.cerebrus.tema.Tema,java.util.List<java.lang.String>,java.lang.Boolean,java.lang.Boolean,java.lang.Boolean,java.lang.Boolean) is not applicable
[ERROR]       (actual and formal argument lists differ in length)
[ERROR] /C:/ISPP/Cerebrus/backend/src/test/java/com/cerebrus/actividadTest/GeneralServiceImplTest.java:[92,56] method crearActGeneral in class com.cerebrus.actividad.general.GeneralServiceImpl cannot be applied to given types;
[ERROR]   required: java.lang.String,java.lang.String,java.lang.Integer,java.lang.Long,java.lang.Boolean,java.lang.String,java.lang.Boolean,java.lang.Boolean,java.lang.Boolean,java.lang.Boolean
[ERROR]   found:    java.lang.String,java.lang.String,int,long,boolean,<nulltype>
[ERROR]   reason: actual and formal argument lists differ in length
[ERROR] /C:/ISPP/Cerebrus/backend/src/test/java/com/cerebrus/actividadTest/GeneralServiceImplTest.java:[106,56] method crearActGeneral in class com.cerebrus.actividad.general.GeneralServiceImpl cannot be applied to given types;
[ERROR]   required: java.lang.String,java.lang.String,java.lang.Integer,java.lang.Long,java.lang.Boolean,java.lang.String,java.lang.Boolean,java.lang.Boolean,java.lang.Boolean,java.lang.Boolean
[ERROR]   found:    java.lang.String,java.lang.String,int,long,boolean,<nulltype>
[ERROR]   reason: actual and formal argument lists differ in length
[ERROR] /C:/ISPP/Cerebrus/backend/src/test/java/com/cerebrus/actividadTest/GeneralServiceImplTest.java:[123,49] method crearActGeneral in class com.cerebrus.actividad.general.GeneralServiceImpl cannot be applied to given types;
[ERROR]   required: java.lang.String,java.lang.String,java.lang.Integer,java.lang.Long,java.lang.Boolean,java.lang.String,java.lang.Boolean,java.lang.Boolean,java.lang.Boolean,java.lang.Boolean
[ERROR]   found:    java.lang.String,java.lang.String,int,long,boolean,java.lang.String
[ERROR]   reason: actual and formal argument lists differ in length
[ERROR] /C:/ISPP/Cerebrus/backend/src/test/java/com/cerebrus/actividadTest/GeneralServiceImplTest.java:[143,49] method crearActGeneral in class com.cerebrus.actividad.general.GeneralServiceImpl cannot be applied to given types;
[ERROR]   required: java.lang.String,java.lang.String,java.lang.Integer,java.lang.Long,java.lang.Boolean,java.lang.String,java.lang.Boolean,java.lang.Boolean,java.lang.Boolean,java.lang.Boolean
[ERROR]   found:    java.lang.String,java.lang.String,int,long,boolean,java.lang.String
[ERROR]   reason: actual and formal argument lists differ in length
[ERROR] /C:/ISPP/Cerebrus/backend/src/test/java/com/cerebrus/actividadTest/GeneralServiceImplTest.java:[155,56] method crearActGeneral in class com.cerebrus.actividad.general.GeneralServiceImpl cannot be applied to given types;
[ERROR]   required: java.lang.String,java.lang.String,java.lang.Integer,java.lang.Long,java.lang.Boolean,java.lang.String,java.lang.Boolean,java.lang.Boolean,java.lang.Boolean,java.lang.Boolean
[ERROR]   found:    java.lang.String,java.lang.String,int,long,<nulltype>,<nulltype>
[ERROR]   reason: actual and formal argument lists differ in length
[ERROR] /C:/ISPP/Cerebrus/backend/src/test/java/com/cerebrus/actividadTest/GeneralServiceImplTest.java:[173,50] method crearActTipoTest in class com.cerebrus.actividad.general.GeneralServiceImpl cannot be applied to given types;
[ERROR]   required: java.lang.String,java.lang.String,java.lang.Integer,java.lang.Long,java.lang.Boolean,java.lang.String,java.util.List<java.lang.Long>,java.lang.Boolean,java.lang.Boolean,java.lang.Boolean,java.lang.Boolean
[ERROR]   found:    java.lang.String,java.lang.String,int,long,boolean,java.lang.String,java.util.List<java.lang.Long>
[ERROR]   reason: actual and formal argument lists differ in length
[ERROR] /C:/ISPP/Cerebrus/backend/src/test/java/com/cerebrus/actividadTest/GeneralServiceImplTest.java:[189,56] method crearActTipoTest in class com.cerebrus.actividad.general.GeneralServiceImpl cannot be applied to given types;
[ERROR]   required: java.lang.String,java.lang.String,java.lang.Integer,java.lang.Long,java.lang.Boolean,java.lang.String,java.util.List<java.lang.Long>,java.lang.Boolean,java.lang.Boolean,java.lang.Boolean,java.lang.Boolean
[ERROR]   found:    java.lang.String,java.lang.String,int,long,boolean,<nulltype>,java.util.List<java.lang.Long>
[ERROR]   reason: actual and formal argument lists differ in length
[ERROR] /C:/ISPP/Cerebrus/backend/src/test/java/com/cerebrus/actividadTest/GeneralServiceImplTest.java:[206,56] method crearActTipoTest in class com.cerebrus.actividad.general.GeneralServiceImpl cannot be applied to given types;
[ERROR]   required: java.lang.String,java.lang.String,java.lang.Integer,java.lang.Long,java.lang.Boolean,java.lang.String,java.util.List<java.lang.Long>,java.lang.Boolean,java.lang.Boolean,java.lang.Boolean,java.lang.Boolean
[ERROR]   found:    java.lang.String,java.lang.String,int,long,boolean,<nulltype>,<nulltype>
[ERROR]   reason: actual and formal argument lists differ in length
[ERROR] /C:/ISPP/Cerebrus/backend/src/test/java/com/cerebrus/actividadTest/GeneralServiceImplTest.java:[287,56] method actualizarActGeneral in class com.cerebrus.actividad.general.GeneralServiceImpl cannot be applied to given types;
[ERROR]   required: java.lang.Long,java.lang.String,java.lang.String,java.lang.Integer,java.lang.Boolean,java.lang.String,java.lang.Integer,java.lang.Integer,java.lang.Long,java.lang.String,java.lang.Boolean,java.lang.Boolean,java.lang.Boolean,java.lang.Boolean
[ERROR]   found:    long,java.lang.String,java.lang.String,int,boolean,java.lang.String,int,int,long,<nulltype>
[ERROR]   reason: actual and formal argument lists differ in length
[ERROR] /C:/ISPP/Cerebrus/backend/src/test/java/com/cerebrus/actividadTest/GeneralServiceImplTest.java:[303,56] method actualizarActGeneral in class com.cerebrus.actividad.general.GeneralServiceImpl cannot be applied to given types;
[ERROR]   required: java.lang.Long,java.lang.String,java.lang.String,java.lang.Integer,java.lang.Boolean,java.lang.String,java.lang.Integer,java.lang.Integer,java.lang.Long,java.lang.String,java.lang.Boolean,java.lang.Boolean,java.lang.Boolean,java.lang.Boolean
[ERROR]   found:    long,java.lang.String,java.lang.String,int,boolean,java.lang.String,int,int,long,<nulltype>
[ERROR]   reason: actual and formal argument lists differ in length
[ERROR] /C:/ISPP/Cerebrus/backend/src/test/java/com/cerebrus/actividadTest/GeneralServiceImplTest.java:[322,56] method actualizarActGeneral in class com.cerebrus.actividad.general.GeneralServiceImpl cannot be applied to given types;
[ERROR]   required: java.lang.Long,java.lang.String,java.lang.String,java.lang.Integer,java.lang.Boolean,java.lang.String,java.lang.Integer,java.lang.Integer,java.lang.Long,java.lang.String,java.lang.Boolean,java.lang.Boolean,java.lang.Boolean,java.lang.Boolean
[ERROR]   found:    long,java.lang.String,java.lang.String,int,boolean,java.lang.String,int,int,long,<nulltype>
[ERROR]   reason: actual and formal argument lists differ in length
[ERROR] /C:/ISPP/Cerebrus/backend/src/test/java/com/cerebrus/actividadTest/GeneralServiceImplTest.java:[343,53] method actualizarActGeneral in class com.cerebrus.actividad.general.GeneralServiceImpl cannot be applied to given types;
[ERROR]   required: java.lang.Long,java.lang.String,java.lang.String,java.lang.Integer,java.lang.Boolean,java.lang.String,java.lang.Integer,java.lang.Integer,java.lang.Long,java.lang.String,java.lang.Boolean,java.lang.Boolean,java.lang.Boolean,java.lang.Boolean
[ERROR]   found:    long,java.lang.String,java.lang.String,int,boolean,java.lang.String,int,int,long,<nulltype>
[ERROR]   reason: actual and formal argument lists differ in length
[ERROR] /C:/ISPP/Cerebrus/backend/src/test/java/com/cerebrus/actividadTest/GeneralServiceImplTest.java:[372,53] method actualizarActGeneral in class com.cerebrus.actividad.general.GeneralServiceImpl cannot be applied to given types;
[ERROR]   required: java.lang.Long,java.lang.String,java.lang.String,java.lang.Integer,java.lang.Boolean,java.lang.String,java.lang.Integer,java.lang.Integer,java.lang.Long,java.lang.String,java.lang.Boolean,java.lang.Boolean,java.lang.Boolean,java.lang.Boolean
[ERROR]   found:    long,java.lang.String,java.lang.String,int,boolean,java.lang.String,int,int,long,<nulltype>
[ERROR]   reason: actual and formal argument lists differ in length
[ERROR] /C:/ISPP/Cerebrus/backend/src/test/java/com/cerebrus/actividadTest/GeneralServiceImplTest.java:[388,56] method actualizarActTipoTest in class com.cerebrus.actividad.general.GeneralServiceImpl cannot be applied to given types;
[ERROR]   required: java.lang.Long,java.lang.String,java.lang.String,java.lang.Integer,java.lang.Boolean,java.lang.String,java.util.List<java.lang.Long>,java.lang.Integer,java.lang.Integer,java.lang.Long,java.lang.String,java.lang.Boolean,java.lang.Boolean,java.lang.Boolean,java.lang.Boolean
[ERROR]   found:    long,java.lang.String,java.lang.String,int,boolean,java.lang.String,java.util.List<java.lang.Long>,int,int,long,<nulltype>
[ERROR]   reason: actual and formal argument lists differ in length
[ERROR] /C:/ISPP/Cerebrus/backend/src/test/java/com/cerebrus/actividadTest/GeneralServiceImplTest.java:[409,48] method actualizarActTipoTest in class com.cerebrus.actividad.general.GeneralServiceImpl cannot be applied to given types;
[ERROR]   required: java.lang.Long,java.lang.String,java.lang.String,java.lang.Integer,java.lang.Boolean,java.lang.String,java.util.List<java.lang.Long>,java.lang.Integer,java.lang.Integer,java.lang.Long,java.lang.String,java.lang.Boolean,java.lang.Boolean,java.lang.Boolean,java.lang.Boolean
[ERROR]   found:    long,java.lang.String,java.lang.String,int,boolean,java.lang.String,<nulltype>,int,int,long,<nulltype>
[ERROR]   reason: actual and formal argument lists differ in length
[ERROR] /C:/ISPP/Cerebrus/backend/src/test/java/com/cerebrus/actividadTest/GeneralServiceImplTest.java:[445,51] method actualizarActTipoTest in class com.cerebrus.actividad.general.GeneralServiceImpl cannot be applied to given types;
[ERROR]   required: java.lang.Long,java.lang.String,java.lang.String,java.lang.Integer,java.lang.Boolean,java.lang.String,java.util.List<java.lang.Long>,java.lang.Integer,java.lang.Integer,java.lang.Long,java.lang.String,java.lang.Boolean,java.lang.Boolean,java.lang.Boolean,java.lang.Boolean
[ERROR]   found:    long,java.lang.String,java.lang.String,int,boolean,java.lang.String,java.util.List<java.lang.Long>,int,int,long,<nulltype>
[ERROR]   reason: actual and formal argument lists differ in length
[ERROR] /C:/ISPP/Cerebrus/backend/src/test/java/com/cerebrus/actividadTest/GeneralServiceImplTest.java:[504,48] method crearActGeneral in class com.cerebrus.actividad.general.GeneralServiceImpl cannot be applied to given types;
[ERROR]   required: java.lang.String,java.lang.String,java.lang.Integer,java.lang.Long,java.lang.Boolean,java.lang.String,java.lang.Boolean,java.lang.Boolean,java.lang.Boolean,java.lang.Boolean
[ERROR]   found:    java.lang.String,java.lang.String,int,long,boolean,java.lang.String
[ERROR]   reason: actual and formal argument lists differ in length
[ERROR] /C:/ISPP/Cerebrus/backend/src/test/java/com/cerebrus/actividadTest/GeneralServiceImplTest.java:[524,43] method crearActCarta in class com.cerebrus.actividad.general.GeneralServiceImpl cannot be applied to given types;
[ERROR]   required: java.lang.String,java.lang.String,java.lang.Integer,java.lang.Long,java.lang.Boolean,java.lang.String,java.util.List<java.lang.Long>,java.lang.Boolean,java.lang.Boolean,java.lang.Boolean,java.lang.Boolean
[ERROR]   found:    java.lang.String,java.lang.String,int,long,boolean,java.lang.String,java.util.List<java.lang.Long>
[ERROR]   reason: actual and formal argument lists differ in length
[ERROR] /C:/ISPP/Cerebrus/backend/src/test/java/com/cerebrus/actividadTest/GeneralServiceImplTest.java:[541,48] method crearActCarta in class com.cerebrus.actividad.general.GeneralServiceImpl cannot be applied to given types;
[ERROR]   required: java.lang.String,java.lang.String,java.lang.Integer,java.lang.Long,java.lang.Boolean,java.lang.String,java.util.List<java.lang.Long>,java.lang.Boolean,java.lang.Boolean,java.lang.Boolean,java.lang.Boolean
[ERROR]   found:    java.lang.String,java.lang.String,int,long,boolean,java.lang.String,java.util.List<java.lang.Long>
[ERROR]   reason: actual and formal argument lists differ in length
[ERROR] /C:/ISPP/Cerebrus/backend/src/test/java/com/cerebrus/actividadTest/GeneralServiceImplTest.java:[570,39] method actualizarActCarta in class com.cerebrus.actividad.general.GeneralServiceImpl cannot be applied to given types;
[ERROR]   required: java.lang.Long,java.lang.String,java.lang.String,java.lang.Integer,java.lang.Boolean,java.lang.String,java.util.List<java.lang.Long>,java.lang.Integer,java.lang.Integer,java.lang.Long,java.lang.String,java.lang.Boolean,java.lang.Boolean,java.lang.Boolean,java.lang.Boolean
[ERROR]   found:    long,java.lang.String,java.lang.String,int,boolean,java.lang.String,java.util.List<java.lang.Object>,int,int,java.lang.Long,<nulltype>
[ERROR]   reason: actual and formal argument lists differ in length
[ERROR] /C:/ISPP/Cerebrus/backend/src/test/java/com/cerebrus/actividadTest/GeneralServiceImplTest.java:[602,39] method actualizarActClasificacion in class com.cerebrus.actividad.general.GeneralServiceImpl cannot be applied to given types;
[ERROR]   required: java.lang.Long,java.lang.String,java.lang.String,java.lang.Integer,java.lang.Boolean,java.lang.String,java.util.List<java.lang.Long>,java.lang.Integer,java.lang.Integer,java.lang.Long,java.lang.Boolean,java.lang.Boolean,java.lang.Boolean,java.lang.Boolean
[ERROR]   found:    long,java.lang.String,java.lang.String,int,boolean,java.lang.String,java.util.List<java.lang.Long>,int,int,long
[ERROR]   reason: actual and formal argument lists differ in length
[ERROR] /C:/ISPP/Cerebrus/backend/src/test/java/com/cerebrus/actividadTest/GeneralServiceImplTest.java:[627,48] method actualizarActClasificacion in class com.cerebrus.actividad.general.GeneralServiceImpl cannot be applied to given types;
[ERROR]   required: java.lang.Long,java.lang.String,java.lang.String,java.lang.Integer,java.lang.Boolean,java.lang.String,java.util.List<java.lang.Long>,java.lang.Integer,java.lang.Integer,java.lang.Long,java.lang.Boolean,java.lang.Boolean,java.lang.Boolean,java.lang.Boolean
[ERROR]   found:    long,java.lang.String,java.lang.String,int,boolean,java.lang.String,java.util.List<java.lang.Long>,int,int,long
[ERROR]   reason: actual and formal argument lists differ in length
[ERROR] /C:/ISPP/Cerebrus/backend/src/test/java/com/cerebrus/actividadTest/GeneralServiceImplTest.java:[700,48] method crearActAbierta in class com.cerebrus.actividad.general.GeneralServiceImpl cannot be applied to given types;
[ERROR]   required: java.lang.String,java.lang.String,java.lang.Integer,java.lang.Long,java.lang.Boolean,java.lang.String,java.util.List<java.lang.Long>,java.lang.String,java.lang.Boolean,java.lang.Boolean,java.lang.Boolean,java.lang.Boolean
[ERROR]   found:    java.lang.String,java.lang.String,int,long,boolean,java.lang.String,java.util.List<java.lang.Long>,<nulltype>
[ERROR]   reason: actual and formal argument lists differ in length
[ERROR] /C:/ISPP/Cerebrus/backend/src/test/java/com/cerebrus/actividadTest/GeneralServiceImplTest.java:[716,48] method crearActAbierta in class com.cerebrus.actividad.general.GeneralServiceImpl cannot be applied to given types;
[ERROR]   required: java.lang.String,java.lang.String,java.lang.Integer,java.lang.Long,java.lang.Boolean,java.lang.String,java.util.List<java.lang.Long>,java.lang.String,java.lang.Boolean,java.lang.Boolean,java.lang.Boolean,java.lang.Boolean
[ERROR]   found:    java.lang.String,java.lang.String,int,long,boolean,java.lang.String,java.util.List<java.lang.Long>,<nulltype>
[ERROR]   reason: actual and formal argument lists differ in length
[ERROR] /C:/ISPP/Cerebrus/backend/src/test/java/com/cerebrus/actividadTest/GeneralServiceImplTest.java:[728,37] method crearActAbierta in class com.cerebrus.actividad.general.GeneralServiceImpl cannot be applied to given types;
[ERROR]   required: java.lang.String,java.lang.String,java.lang.Integer,java.lang.Long,java.lang.Boolean,java.lang.String,java.util.List<java.lang.Long>,java.lang.String,java.lang.Boolean,java.lang.Boolean,java.lang.Boolean,java.lang.Boolean
[ERROR]   found:    java.lang.String,java.lang.String,int,long,boolean,java.lang.String,<nulltype>,java.lang.String
[ERROR]   reason: actual and formal argument lists differ in length
[ERROR] /C:/ISPP/Cerebrus/backend/src/test/java/com/cerebrus/actividadTest/GeneralServiceImplTest.java:[793,48] method actualizarActAbierta in class com.cerebrus.actividad.general.GeneralServiceImpl cannot be applied to given types;
[ERROR]   required: java.lang.Long,java.lang.String,java.lang.String,java.lang.Integer,java.lang.Boolean,java.lang.String,java.util.List<java.lang.Long>,java.lang.Integer,java.lang.Integer,java.lang.Long,java.lang.String,java.lang.Boolean,java.lang.Boolean,java.lang.Boolean,java.lang.Boolean
[ERROR]   found:    long,java.lang.String,java.lang.String,int,boolean,java.lang.String,java.util.List<java.lang.Object>,int,int,long,<nulltype>
[ERROR]   reason: actual and formal argument lists differ in length
[ERROR] /C:/ISPP/Cerebrus/backend/src/test/java/com/cerebrus/actividadTest/GeneralServiceImplTest.java:[1359,43] method crearActClasificacion in class com.cerebrus.actividad.general.GeneralServiceImpl cannot be applied to given types;
[ERROR]   required: java.lang.String,java.lang.String,java.lang.Integer,java.lang.Long,java.lang.Boolean,java.lang.String,java.lang.Boolean,java.lang.Boolean,java.lang.Boolean,java.lang.Boolean
[ERROR]   found:    java.lang.String,java.lang.String,int,long,boolean,java.lang.String
[ERROR]   reason: actual and formal argument lists differ in length
[ERROR] /C:/ISPP/Cerebrus/backend/src/test/java/com/cerebrus/actividadTest/GeneralServiceImplTest.java:[1376,48] method crearActClasificacion in class com.cerebrus.actividad.general.GeneralServiceImpl cannot be applied to given types;
[ERROR]   required: java.lang.String,java.lang.String,java.lang.Integer,java.lang.Long,java.lang.Boolean,java.lang.String,java.lang.Boolean,java.lang.Boolean,java.lang.Boolean,java.lang.Boolean
[ERROR]   found:    java.lang.String,java.lang.String,int,long,boolean,<nulltype>
[ERROR]   reason: actual and formal argument lists differ in length
[ERROR] /C:/ISPP/Cerebrus/backend/src/test/java/com/cerebrus/actividadTest/GeneralServiceImplTest.java:[1388,48] method crearActClasificacion in class com.cerebrus.actividad.general.GeneralServiceImpl cannot be applied to given types;
[ERROR]   required: java.lang.String,java.lang.String,java.lang.Integer,java.lang.Long,java.lang.Boolean,java.lang.String,java.lang.Boolean,java.lang.Boolean,java.lang.Boolean,java.lang.Boolean
[ERROR]   found:    java.lang.String,java.lang.String,int,long,boolean,<nulltype>
[ERROR]   reason: actual and formal argument lists differ in length
[ERROR] /C:/ISPP/Cerebrus/backend/src/test/java/com/cerebrus/actividadTest/GeneralServiceImplTest.java:[1404,48] method crearActClasificacion in class com.cerebrus.actividad.general.GeneralServiceImpl cannot be applied to given types;
[ERROR]   required: java.lang.String,java.lang.String,java.lang.Integer,java.lang.Long,java.lang.Boolean,java.lang.String,java.lang.Boolean,java.lang.Boolean,java.lang.Boolean,java.lang.Boolean
[ERROR]   found:    java.lang.String,java.lang.String,int,long,boolean,<nulltype>
[ERROR]   reason: actual and formal argument lists differ in length
[ERROR] /C:/ISPP/Cerebrus/backend/src/test/java/com/cerebrus/actividadTest/GeneralServiceImplTest.java:[1651,43] method actualizarActAbierta in class com.cerebrus.actividad.general.GeneralServiceImpl cannot be applied to given types;
[ERROR]   required: java.lang.Long,java.lang.String,java.lang.String,java.lang.Integer,java.lang.Boolean,java.lang.String,java.util.List<java.lang.Long>,java.lang.Integer,java.lang.Integer,java.lang.Long,java.lang.String,java.lang.Boolean,java.lang.Boolean,java.lang.Boolean,java.lang.Boolean
[ERROR]   found:    long,java.lang.String,java.lang.String,int,boolean,java.lang.String,java.util.List<java.lang.Long>,int,int,long,java.lang.String
[ERROR]   reason: actual and formal argument lists differ in length
[ERROR] /C:/ISPP/Cerebrus/backend/src/test/java/com/cerebrus/actividadTest/GeneralServiceImplTest.java:[1674,48] method actualizarActAbierta in class com.cerebrus.actividad.general.GeneralServiceImpl cannot be applied to given types;
[ERROR]   required: java.lang.Long,java.lang.String,java.lang.String,java.lang.Integer,java.lang.Boolean,java.lang.String,java.util.List<java.lang.Long>,java.lang.Integer,java.lang.Integer,java.lang.Long,java.lang.String,java.lang.Boolean,java.lang.Boolean,java.lang.Boolean,java.lang.Boolean
[ERROR]   found:    long,java.lang.String,java.lang.String,int,boolean,java.lang.String,java.util.List<java.lang.Object>,int,int,long,<nulltype>
[ERROR]   reason: actual and formal argument lists differ in length
[ERROR] /C:/ISPP/Cerebrus/backend/src/test/java/com/cerebrus/actividadTest/GeneralServiceImplTest.java:[1698,48] method actualizarActAbierta in class com.cerebrus.actividad.general.GeneralServiceImpl cannot be applied to given types;
[ERROR]   required: java.lang.Long,java.lang.String,java.lang.String,java.lang.Integer,java.lang.Boolean,java.lang.String,java.util.List<java.lang.Long>,java.lang.Integer,java.lang.Integer,java.lang.Long,java.lang.String,java.lang.Boolean,java.lang.Boolean,java.lang.Boolean,java.lang.Boolean
[ERROR]   found:    long,java.lang.String,java.lang.String,int,boolean,java.lang.String,<nulltype>,int,int,long,<nulltype>
[ERROR]   reason: actual and formal argument lists differ in length
[ERROR] /C:/ISPP/Cerebrus/backend/src/test/java/com/cerebrus/actividadTest/GeneralServiceImplTest.java:[1727,48] method actualizarActAbierta in class com.cerebrus.actividad.general.GeneralServiceImpl cannot be applied to given types;
[ERROR]   required: java.lang.Long,java.lang.String,java.lang.String,java.lang.Integer,java.lang.Boolean,java.lang.String,java.util.List<java.lang.Long>,java.lang.Integer,java.lang.Integer,java.lang.Long,java.lang.String,java.lang.Boolean,java.lang.Boolean,java.lang.Boolean,java.lang.Boolean
[ERROR]   found:    long,java.lang.String,java.lang.String,int,boolean,java.lang.String,java.util.List<java.lang.Long>,int,int,long,<nulltype>
[ERROR]   reason: actual and formal argument lists differ in length
[ERROR] /C:/ISPP/Cerebrus/backend/src/test/java/com/cerebrus/actividadTest/GeneralServiceImplTest.java:[1759,48] method actualizarActAbierta in class com.cerebrus.actividad.general.GeneralServiceImpl cannot be applied to given types;
[ERROR]   required: java.lang.Long,java.lang.String,java.lang.String,java.lang.Integer,java.lang.Boolean,java.lang.String,java.util.List<java.lang.Long>,java.lang.Integer,java.lang.Integer,java.lang.Long,java.lang.String,java.lang.Boolean,java.lang.Boolean,java.lang.Boolean,java.lang.Boolean
[ERROR]   found:    long,java.lang.String,java.lang.String,int,boolean,java.lang.String,java.util.List<java.lang.Long>,int,int,long,<nulltype>
[ERROR]   reason: actual and formal argument lists differ in length
[ERROR] /C:/ISPP/Cerebrus/backend/src/test/java/com/cerebrus/actividadTest/OrdenacionControllerTest.java:[82,31] method crearActOrdenacion in interface com.cerebrus.actividad.ordenacion.OrdenacionService cannot be applied to given types;
[ERROR]   required: java.lang.String,java.lang.String,java.lang.Integer,java.lang.String,java.lang.Long,java.lang.Boolean,java.lang.String,java.lang.Integer,java.util.List<java.lang.String>,java.lang.Boolean,java.lang.Boolean,java.lang.Boolean,java.lang.Boolean
[ERROR]   found:    java.lang.String,java.lang.String,int,java.lang.String,long,boolean,java.lang.Object,int,java.lang.Object
[ERROR]   reason: actual and formal argument lists differ in length
[ERROR] /C:/ISPP/Cerebrus/backend/src/test/java/com/cerebrus/actividadTest/OrdenacionControllerTest.java:[92,34] method crearActOrdenacion in interface com.cerebrus.actividad.ordenacion.OrdenacionService cannot be applied to given types;
[ERROR]   required: java.lang.String,java.lang.String,java.lang.Integer,java.lang.String,java.lang.Long,java.lang.Boolean,java.lang.String,java.lang.Integer,java.util.List<java.lang.String>,java.lang.Boolean,java.lang.Boolean,java.lang.Boolean,java.lang.Boolean
[ERROR]   found:    java.lang.String,java.lang.String,int,java.lang.String,long,boolean,java.lang.Object,int,java.lang.Object
[ERROR]   reason: actual and formal argument lists differ in length
[ERROR] /C:/ISPP/Cerebrus/backend/src/test/java/com/cerebrus/actividadTest/OrdenacionControllerTest.java:[100,31] method crearActOrdenacion in interface com.cerebrus.actividad.ordenacion.OrdenacionService cannot be applied to given types;
[ERROR]   required: java.lang.String,java.lang.String,java.lang.Integer,java.lang.String,java.lang.Long,java.lang.Boolean,java.lang.String,java.lang.Integer,java.util.List<java.lang.String>,java.lang.Boolean,java.lang.Boolean,java.lang.Boolean,java.lang.Boolean
[ERROR]   found:    java.lang.Object,java.lang.Object,java.lang.Object,java.lang.Object,java.lang.Object,java.lang.Object,java.lang.Object,java.lang.Object,java.lang.Object
[ERROR]   reason: actual and formal argument lists differ in length
[ERROR] /C:/ISPP/Cerebrus/backend/src/test/java/com/cerebrus/actividadTest/OrdenacionControllerTest.java:[162,31] method actualizarActOrdenacion in interface com.cerebrus.actividad.ordenacion.OrdenacionService cannot be applied to given types;
[ERROR]   required: java.lang.Long,java.lang.String,java.lang.String,java.lang.Integer,java.lang.String,java.lang.Long,java.lang.Boolean,java.lang.String,java.lang.Integer,java.util.List<java.lang.String>,java.lang.Boolean,java.lang.Boolean,java.lang.Boolean,java.lang.Boolean
[ERROR]   found:    long,java.lang.Object,java.lang.Object,java.lang.Object,java.lang.Object,java.lang.Object,java.lang.Object,java.lang.Object,java.lang.Object,java.lang.Object
[ERROR]   reason: actual and formal argument lists differ in length
[ERROR] /C:/ISPP/Cerebrus/backend/src/test/java/com/cerebrus/actividadTest/OrdenacionControllerTest.java:[176,31] method actualizarActOrdenacion in interface com.cerebrus.actividad.ordenacion.OrdenacionService cannot be applied to given types;
[ERROR]   required: java.lang.Long,java.lang.String,java.lang.String,java.lang.Integer,java.lang.String,java.lang.Long,java.lang.Boolean,java.lang.String,java.lang.Integer,java.util.List<java.lang.String>,java.lang.Boolean,java.lang.Boolean,java.lang.Boolean,java.lang.Boolean
[ERROR]   found:    java.lang.Object,java.lang.Object,java.lang.Object,java.lang.Object,java.lang.Object,java.lang.Object,java.lang.Object,java.lang.Object,java.lang.Object,java.lang.Object
[ERROR]   reason: actual and formal argument lists differ in length
[ERROR] /C:/ISPP/Cerebrus/backend/src/test/java/com/cerebrus/actividadTest/OrdenacionControllerTest.java:[187,31] method actualizarActOrdenacion in interface com.cerebrus.actividad.ordenacion.OrdenacionService cannot be applied to given types;
[ERROR]   required: java.lang.Long,java.lang.String,java.lang.String,java.lang.Integer,java.lang.String,java.lang.Long,java.lang.Boolean,java.lang.String,java.lang.Integer,java.util.List<java.lang.String>,java.lang.Boolean,java.lang.Boolean,java.lang.Boolean,java.lang.Boolean
[ERROR]   found:    java.lang.Object,java.lang.Object,java.lang.Object,java.lang.Object,java.lang.Object,java.lang.Object,java.lang.Object,java.lang.Object,java.lang.Object,java.lang.Object
[ERROR]   reason: actual and formal argument lists differ in length
[ERROR] /C:/ISPP/Cerebrus/backend/src/test/java/com/cerebrus/actividadTest/OrdenacionServiceImplTest.java:[115,49] method crearActOrdenacion in class com.cerebrus.actividad.ordenacion.OrdenacionServiceImpl cannot be applied to given types;
[ERROR]   required: java.lang.String,java.lang.String,java.lang.Integer,java.lang.String,java.lang.Long,java.lang.Boolean,java.lang.String,java.lang.Integer,java.util.List<java.lang.String>,java.lang.Boolean,java.lang.Boolean,java.lang.Boolean,java.lang.Boolean
[ERROR]   found:    java.lang.String,java.lang.String,int,java.lang.String,long,boolean,<nulltype>,int,java.util.List<java.lang.String>
[ERROR]   reason: actual and formal argument lists differ in length
[ERROR] /C:/ISPP/Cerebrus/backend/src/test/java/com/cerebrus/actividadTest/OrdenacionServiceImplTest.java:[134,49] method crearActOrdenacion in class com.cerebrus.actividad.ordenacion.OrdenacionServiceImpl cannot be applied to given types;
[ERROR]   required: java.lang.String,java.lang.String,java.lang.Integer,java.lang.String,java.lang.Long,java.lang.Boolean,java.lang.String,java.lang.Integer,java.util.List<java.lang.String>,java.lang.Boolean,java.lang.Boolean,java.lang.Boolean,java.lang.Boolean
[ERROR]   found:    java.lang.String,java.lang.String,int,java.lang.String,long,boolean,java.lang.String,int,java.util.List<java.lang.String>
[ERROR]   reason: actual and formal argument lists differ in length
[ERROR] /C:/ISPP/Cerebrus/backend/src/test/java/com/cerebrus/actividadTest/OrdenacionServiceImplTest.java:[147,51] method crearActOrdenacion in class com.cerebrus.actividad.ordenacion.OrdenacionServiceImpl cannot be applied to given types;
[ERROR]   required: java.lang.String,java.lang.String,java.lang.Integer,java.lang.String,java.lang.Long,java.lang.Boolean,java.lang.String,java.lang.Integer,java.util.List<java.lang.String>,java.lang.Boolean,java.lang.Boolean,java.lang.Boolean,java.lang.Boolean
[ERROR]   found:    java.lang.String,java.lang.String,int,<nulltype>,long,boolean,<nulltype>,int,java.util.List<java.lang.String>
[ERROR]   reason: actual and formal argument lists differ in length
[ERROR] /C:/ISPP/Cerebrus/backend/src/test/java/com/cerebrus/actividadTest/OrdenacionServiceImplTest.java:[161,49] method crearActOrdenacion in class com.cerebrus.actividad.ordenacion.OrdenacionServiceImpl cannot be applied to given types;
[ERROR]   required: java.lang.String,java.lang.String,java.lang.Integer,java.lang.String,java.lang.Long,java.lang.Boolean,java.lang.String,java.lang.Integer,java.util.List<java.lang.String>,java.lang.Boolean,java.lang.Boolean,java.lang.Boolean,java.lang.Boolean
[ERROR]   found:    java.lang.String,java.lang.String,int,<nulltype>,long,boolean,<nulltype>,int,java.util.List<java.lang.String>
[ERROR]   reason: actual and formal argument lists differ in length
[ERROR] /C:/ISPP/Cerebrus/backend/src/test/java/com/cerebrus/actividadTest/OrdenacionServiceImplTest.java:[173,49] method crearActOrdenacion in class com.cerebrus.actividad.ordenacion.OrdenacionServiceImpl cannot be applied to given types;
[ERROR]   required: java.lang.String,java.lang.String,java.lang.Integer,java.lang.String,java.lang.Long,java.lang.Boolean,java.lang.String,java.lang.Integer,java.util.List<java.lang.String>,java.lang.Boolean,java.lang.Boolean,java.lang.Boolean,java.lang.Boolean
[ERROR]   found:    java.lang.String,<nulltype>,int,<nulltype>,long,boolean,<nulltype>,int,java.util.List<java.lang.String>
[ERROR]   reason: actual and formal argument lists differ in length
[ERROR] /C:/ISPP/Cerebrus/backend/src/test/java/com/cerebrus/actividadTest/OrdenacionServiceImplTest.java:[257,49] method actualizarActOrdenacion in class com.cerebrus.actividad.ordenacion.OrdenacionServiceImpl cannot be applied to given types;
[ERROR]   required: java.lang.Long,java.lang.String,java.lang.String,java.lang.Integer,java.lang.String,java.lang.Long,java.lang.Boolean,java.lang.String,java.lang.Integer,java.util.List<java.lang.String>,java.lang.Boolean,java.lang.Boolean,java.lang.Boolean,java.lang.Boolean
[ERROR]   found:    long,java.lang.String,java.lang.String,int,java.lang.String,long,boolean,<nulltype>,int,java.util.List<java.lang.String>
[ERROR]   reason: actual and formal argument lists differ in length
[ERROR] /C:/ISPP/Cerebrus/backend/src/test/java/com/cerebrus/actividadTest/OrdenacionServiceImplTest.java:[279,49] method actualizarActOrdenacion in class com.cerebrus.actividad.ordenacion.OrdenacionServiceImpl cannot be applied to given types;
[ERROR]   required: java.lang.Long,java.lang.String,java.lang.String,java.lang.Integer,java.lang.String,java.lang.Long,java.lang.Boolean,java.lang.String,java.lang.Integer,java.util.List<java.lang.String>,java.lang.Boolean,java.lang.Boolean,java.lang.Boolean,java.lang.Boolean
[ERROR]   found:    long,java.lang.String,java.lang.String,int,<nulltype>,long,boolean,<nulltype>,int,java.util.List<java.lang.String>
[ERROR]   reason: actual and formal argument lists differ in length
[ERROR] /C:/ISPP/Cerebrus/backend/src/test/java/com/cerebrus/actividadTest/OrdenacionServiceImplTest.java:[292,49] method actualizarActOrdenacion in class com.cerebrus.actividad.ordenacion.OrdenacionServiceImpl cannot be applied to given types;
[ERROR]   required: java.lang.Long,java.lang.String,java.lang.String,java.lang.Integer,java.lang.String,java.lang.Long,java.lang.Boolean,java.lang.String,java.lang.Integer,java.util.List<java.lang.String>,java.lang.Boolean,java.lang.Boolean,java.lang.Boolean,java.lang.Boolean
[ERROR]   found:    long,java.lang.String,java.lang.String,int,<nulltype>,long,boolean,java.lang.String,int,java.util.List<java.lang.String>
[ERROR]   reason: actual and formal argument lists differ in length
[ERROR] /C:/ISPP/Cerebrus/backend/src/test/java/com/cerebrus/actividadTest/OrdenacionServiceImplTest.java:[306,49] method actualizarActOrdenacion in class com.cerebrus.actividad.ordenacion.OrdenacionServiceImpl cannot be applied to given types;
[ERROR]   required: java.lang.Long,java.lang.String,java.lang.String,java.lang.Integer,java.lang.String,java.lang.Long,java.lang.Boolean,java.lang.String,java.lang.Integer,java.util.List<java.lang.String>,java.lang.Boolean,java.lang.Boolean,java.lang.Boolean,java.lang.Boolean
[ERROR]   found:    long,java.lang.String,java.lang.String,int,<nulltype>,long,boolean,java.lang.String,int,java.util.List<java.lang.String>
[ERROR]   reason: actual and formal argument lists differ in length
[ERROR] /C:/ISPP/Cerebrus/backend/src/test/java/com/cerebrus/actividadTest/OrdenacionServiceImplTest.java:[318,51] method actualizarActOrdenacion in class com.cerebrus.actividad.ordenacion.OrdenacionServiceImpl cannot be applied to given types;
[ERROR]   required: java.lang.Long,java.lang.String,java.lang.String,java.lang.Integer,java.lang.String,java.lang.Long,java.lang.Boolean,java.lang.String,java.lang.Integer,java.util.List<java.lang.String>,java.lang.Boolean,java.lang.Boolean,java.lang.Boolean,java.lang.Boolean
[ERROR]   found:    long,java.lang.String,java.lang.String,int,<nulltype>,long,boolean,<nulltype>,int,java.util.List<java.lang.String>
[ERROR]   reason: actual and formal argument lists differ in length
[ERROR] /C:/ISPP/Cerebrus/backend/src/test/java/com/cerebrus/actividadTest/OrdenacionServiceImplTest.java:[333,51] method actualizarActOrdenacion in class com.cerebrus.actividad.ordenacion.OrdenacionServiceImpl cannot be applied to given types;
[ERROR]   required: java.lang.Long,java.lang.String,java.lang.String,java.lang.Integer,java.lang.String,java.lang.Long,java.lang.Boolean,java.lang.String,java.lang.Integer,java.util.List<java.lang.String>,java.lang.Boolean,java.lang.Boolean,java.lang.Boolean,java.lang.Boolean
[ERROR]   found:    long,java.lang.String,java.lang.String,int,<nulltype>,long,boolean,<nulltype>,int,java.util.List<java.lang.String>
[ERROR]   reason: actual and formal argument lists differ in length
[ERROR] /C:/ISPP/Cerebrus/backend/src/test/java/com/cerebrus/marcarImagenTest/MarcarImagenControllerTest.java:[132,48] constructor MarcarImagenDTO in class com.cerebrus.actividad.marcarImagen.dto.MarcarImagenDTO cannot be applied to given types;
[ERROR]   required: java.lang.Long,java.lang.String,java.lang.String,java.lang.Integer,java.lang.String,java.lang.Boolean,java.lang.String,java.lang.Long,java.lang.String,java.util.List<com.cerebrus.puntoImagen.dto.PuntoImagenDTO>,java.lang.Boolean,java.lang.Boolean,java.lang.Boolean,java.lang.Boolean
[ERROR]   found:    long,java.lang.String,java.lang.String,int,java.lang.String,boolean,java.lang.String,long,java.lang.String,java.util.List<java.lang.Object>
[ERROR]   reason: actual and formal argument lists differ in length
[ERROR] /C:/ISPP/Cerebrus/backend/src/test/java/com/cerebrus/marcarImagenTest/MarcarImagenControllerTest.java:[141,43] constructor MarcarImagenDTO in class com.cerebrus.actividad.marcarImagen.dto.MarcarImagenDTO cannot be applied to given types;
[ERROR]   required: java.lang.Long,java.lang.String,java.lang.String,java.lang.Integer,java.lang.String,java.lang.Boolean,java.lang.String,java.lang.Long,java.lang.String,java.util.List<com.cerebrus.puntoImagen.dto.PuntoImagenDTO>,java.lang.Boolean,java.lang.Boolean,java.lang.Boolean,java.lang.Boolean
[ERROR]   found:    long,java.lang.String,java.lang.String,int,java.lang.String,boolean,java.lang.String,long,java.lang.String,java.util.List<java.lang.Object>
[ERROR]   reason: actual and formal argument lists differ in length
[ERROR] /C:/ISPP/Cerebrus/backend/src/test/java/com/cerebrus/marcarImagenTest/MarcarImagenControllerTest.java:[154,43] constructor MarcarImagenDTO in class com.cerebrus.actividad.marcarImagen.dto.MarcarImagenDTO cannot be applied to given types;
[ERROR]   required: java.lang.Long,java.lang.String,java.lang.String,java.lang.Integer,java.lang.String,java.lang.Boolean,java.lang.String,java.lang.Long,java.lang.String,java.util.List<com.cerebrus.puntoImagen.dto.PuntoImagenDTO>,java.lang.Boolean,java.lang.Boolean,java.lang.Boolean,java.lang.Boolean
[ERROR]   found:    long,java.lang.String,java.lang.String,int,java.lang.String,boolean,java.lang.String,long,java.lang.String,java.util.List<java.lang.Object>
[ERROR]   reason: actual and formal argument lists differ in length
[ERROR] /C:/ISPP/Cerebrus/backend/src/test/java/com/cerebrus/marcarImagenTest/MarcarImagenControllerTest.java:[167,24] constructor MarcarImagenDTO in class com.cerebrus.actividad.marcarImagen.dto.MarcarImagenDTO cannot be applied to given types;
[ERROR]   required: java.lang.Long,java.lang.String,java.lang.String,java.lang.Integer,java.lang.String,java.lang.Boolean,java.lang.String,java.lang.Long,java.lang.String,java.util.List<com.cerebrus.puntoImagen.dto.PuntoImagenDTO>,java.lang.Boolean,java.lang.Boolean,java.lang.Boolean,java.lang.Boolean
[ERROR]   found:    java.lang.Long,java.lang.String,java.lang.String,int,java.lang.String,boolean,java.lang.String,java.lang.Long,java.lang.String,java.util.List<com.cerebrus.puntoImagen.dto.PuntoImagenDTO>
[ERROR]   reason: actual and formal argument lists differ in length
[ERROR] /C:/ISPP/Cerebrus/backend/src/test/java/com/cerebrus/marcarImagenTest/MarcarImagenServiceImplTest.java:[88,31] constructor MarcarImagenDTO in class com.cerebrus.actividad.marcarImagen.dto.MarcarImagenDTO cannot be applied to given types;
[ERROR]   required: java.lang.Long,java.lang.String,java.lang.String,java.lang.Integer,java.lang.String,java.lang.Boolean,java.lang.String,java.lang.Long,java.lang.String,java.util.List<com.cerebrus.puntoImagen.dto.PuntoImagenDTO>,java.lang.Boolean,java.lang.Boolean,java.lang.Boolean,java.lang.Boolean
[ERROR]   found:    long,java.lang.String,java.lang.String,int,java.lang.String,boolean,java.lang.String,long,java.lang.String,java.util.List<java.lang.Object>
[ERROR]   reason: actual and formal argument lists differ in length
[ERROR] /C:/ISPP/Cerebrus/backend/src/test/java/com/cerebrus/marcarImagenTest/MarcarImagenServiceImplTest.java:[101,31] constructor MarcarImagenDTO in class com.cerebrus.actividad.marcarImagen.dto.MarcarImagenDTO cannot be applied to given types;
[ERROR]   required: java.lang.Long,java.lang.String,java.lang.String,java.lang.Integer,java.lang.String,java.lang.Boolean,java.lang.String,java.lang.Long,java.lang.String,java.util.List<com.cerebrus.puntoImagen.dto.PuntoImagenDTO>,java.lang.Boolean,java.lang.Boolean,java.lang.Boolean,java.lang.Boolean
[ERROR]   found:    long,java.lang.String,java.lang.String,int,java.lang.String,boolean,java.lang.String,long,java.lang.String,java.util.List<java.lang.Object>
[ERROR]   reason: actual and formal argument lists differ in length
[ERROR] /C:/ISPP/Cerebrus/backend/src/test/java/com/cerebrus/marcarImagenTest/MarcarImagenServiceImplTest.java:[114,31] constructor MarcarImagenDTO in class com.cerebrus.actividad.marcarImagen.dto.MarcarImagenDTO cannot be applied to given types;
[ERROR]   required: java.lang.Long,java.lang.String,java.lang.String,java.lang.Integer,java.lang.String,java.lang.Boolean,java.lang.String,java.lang.Long,java.lang.String,java.util.List<com.cerebrus.puntoImagen.dto.PuntoImagenDTO>,java.lang.Boolean,java.lang.Boolean,java.lang.Boolean,java.lang.Boolean
[ERROR]   found:    long,java.lang.String,java.lang.String,int,java.lang.String,boolean,java.lang.String,long,java.lang.String,java.util.List<java.lang.Object>
[ERROR]   reason: actual and formal argument lists differ in length
[ERROR] /C:/ISPP/Cerebrus/backend/src/test/java/com/cerebrus/marcarImagenTest/MarcarImagenServiceImplTest.java:[150,16] constructor MarcarImagenDTO in class com.cerebrus.actividad.marcarImagen.dto.MarcarImagenDTO cannot be applied to given types;
[ERROR]   required: java.lang.Long,java.lang.String,java.lang.String,java.lang.Integer,java.lang.String,java.lang.Boolean,java.lang.String,java.lang.Long,java.lang.String,java.util.List<com.cerebrus.puntoImagen.dto.PuntoImagenDTO>,java.lang.Boolean,java.lang.Boolean,java.lang.Boolean,java.lang.Boolean
[ERROR]   found:    java.lang.Long,java.lang.String,java.lang.String,int,java.lang.String,boolean,java.lang.String,java.lang.Long,java.lang.String,java.util.List<com.cerebrus.puntoImagen.dto.PuntoImagenDTO>
[ERROR]   reason: actual and formal argument lists differ in length
[ERROR] /C:/ISPP/Cerebrus/backend/src/test/java/com/cerebrus/marcarImagenTest/MarcarImagenServiceImplTest.java:[309,31] constructor MarcarImagenDTO in class com.cerebrus.actividad.marcarImagen.dto.MarcarImagenDTO cannot be applied to given types;
[ERROR]   required: java.lang.Long,java.lang.String,java.lang.String,java.lang.Integer,java.lang.String,java.lang.Boolean,java.lang.String,java.lang.Long,java.lang.String,java.util.List<com.cerebrus.puntoImagen.dto.PuntoImagenDTO>,java.lang.Boolean,java.lang.Boolean,java.lang.Boolean,java.lang.Boolean
[ERROR]   found:    long,java.lang.String,java.lang.String,int,java.lang.String,boolean,java.lang.String,long,java.lang.String,java.util.List<java.lang.Object>
[ERROR]   reason: actual and formal argument lists differ in length
[ERROR] /C:/ISPP/Cerebrus/backend/src/test/java/com/cerebrus/marcarImagenTest/MarcarImagenServiceImplTest.java:[327,31] constructor MarcarImagenDTO in class com.cerebrus.actividad.marcarImagen.dto.MarcarImagenDTO cannot be applied to given types;
[ERROR]   required: java.lang.Long,java.lang.String,java.lang.String,java.lang.Integer,java.lang.String,java.lang.Boolean,java.lang.String,java.lang.Long,java.lang.String,java.util.List<com.cerebrus.puntoImagen.dto.PuntoImagenDTO>,java.lang.Boolean,java.lang.Boolean,java.lang.Boolean,java.lang.Boolean
[ERROR]   found:    long,java.lang.String,java.lang.String,int,java.lang.String,boolean,java.lang.String,long,java.lang.String,java.util.List<java.lang.Object>
[ERROR]   reason: actual and formal argument lists differ in length
[ERROR] /C:/ISPP/Cerebrus/backend/src/test/java/com/cerebrus/marcarImagenTest/MarcarImagenServiceImplTest.java:[354,31] constructor MarcarImagenDTO in class com.cerebrus.actividad.marcarImagen.dto.MarcarImagenDTO cannot be applied to given types;
[ERROR]   required: java.lang.Long,java.lang.String,java.lang.String,java.lang.Integer,java.lang.String,java.lang.Boolean,java.lang.String,java.lang.Long,java.lang.String,java.util.List<com.cerebrus.puntoImagen.dto.PuntoImagenDTO>,java.lang.Boolean,java.lang.Boolean,java.lang.Boolean,java.lang.Boolean
[ERROR]   found:    long,java.lang.String,java.lang.String,int,java.lang.String,boolean,java.lang.String,long,java.lang.String,java.util.List<com.cerebrus.puntoImagen.dto.PuntoImagenDTO>
[ERROR]   reason: actual and formal argument lists differ in length
[ERROR] /C:/ISPP/Cerebrus/backend/src/test/java/com/cerebrus/marcarImagenTest/MarcarImagenServiceImplTest.java:[386,31] constructor MarcarImagenDTO in class com.cerebrus.actividad.marcarImagen.dto.MarcarImagenDTO cannot be applied to given types;
[ERROR]   required: java.lang.Long,java.lang.String,java.lang.String,java.lang.Integer,java.lang.String,java.lang.Boolean,java.lang.String,java.lang.Long,java.lang.String,java.util.List<com.cerebrus.puntoImagen.dto.PuntoImagenDTO>,java.lang.Boolean,java.lang.Boolean,java.lang.Boolean,java.lang.Boolean
[ERROR]   found:    long,java.lang.String,java.lang.String,int,java.lang.String,boolean,java.lang.String,long,java.lang.String,java.util.List<com.cerebrus.puntoImagen.dto.PuntoImagenDTO>
[ERROR]   reason: actual and formal argument lists differ in length
[ERROR] /C:/ISPP/Cerebrus/backend/src/test/java/com/cerebrus/marcarImagenTest/MarcarImagenServiceImplTest.java:[408,31] constructor MarcarImagenDTO in class com.cerebrus.actividad.marcarImagen.dto.MarcarImagenDTO cannot be applied to given types;
[ERROR]   required: java.lang.Long,java.lang.String,java.lang.String,java.lang.Integer,java.lang.String,java.lang.Boolean,java.lang.String,java.lang.Long,java.lang.String,java.util.List<com.cerebrus.puntoImagen.dto.PuntoImagenDTO>,java.lang.Boolean,java.lang.Boolean,java.lang.Boolean,java.lang.Boolean
[ERROR]   found:    long,java.lang.String,java.lang.String,int,java.lang.String,boolean,java.lang.String,long,java.lang.String,java.util.List<java.lang.Object>
[ERROR]   reason: actual and formal argument lists differ in length
[ERROR] /C:/ISPP/Cerebrus/backend/src/test/java/com/cerebrus/marcarImagenTest/MarcarImagenServiceImplTest.java:[427,31] constructor MarcarImagenDTO in class com.cerebrus.actividad.marcarImagen.dto.MarcarImagenDTO cannot be applied to given types;
[ERROR]   required: java.lang.Long,java.lang.String,java.lang.String,java.lang.Integer,java.lang.String,java.lang.Boolean,java.lang.String,java.lang.Long,java.lang.String,java.util.List<com.cerebrus.puntoImagen.dto.PuntoImagenDTO>,java.lang.Boolean,java.lang.Boolean,java.lang.Boolean,java.lang.Boolean
[ERROR]   found:    long,java.lang.String,java.lang.String,int,java.lang.String,boolean,java.lang.String,long,java.lang.String,java.util.List<java.lang.Object>
[ERROR]   reason: actual and formal argument lists differ in length
[ERROR] /C:/ISPP/Cerebrus/backend/src/test/java/com/cerebrus/tableroTest/TableroControllerTest.java:[52,34] constructor TableroDTO in class com.cerebrus.actividad.tablero.dto.TableroDTO cannot be applied to given types;
[ERROR]   required: java.lang.Long,java.lang.String,java.lang.String,java.lang.Boolean,java.lang.Integer,java.lang.Integer,java.lang.Boolean,java.lang.Long,java.util.List<com.cerebrus.pregunta.dto.PreguntaDTO>,java.lang.Boolean,java.lang.Boolean,java.lang.Boolean,java.lang.Boolean
[ERROR]   found:    long,java.lang.String,java.lang.String,boolean,int,int,boolean,long,java.util.ArrayList<java.lang.Object>
[ERROR]   reason: actual and formal argument lists differ in length
[ERROR] /C:/ISPP/Cerebrus/backend/src/test/java/com/cerebrus/tableroTest/TableroControllerTest.java:[65,34] constructor TableroDTO in class com.cerebrus.actividad.tablero.dto.TableroDTO cannot be applied to given types;
[ERROR]   required: java.lang.Long,java.lang.String,java.lang.String,java.lang.Boolean,java.lang.Integer,java.lang.Integer,java.lang.Boolean,java.lang.Long,java.util.List<com.cerebrus.pregunta.dto.PreguntaDTO>,java.lang.Boolean,java.lang.Boolean,java.lang.Boolean,java.lang.Boolean
[ERROR]   found:    long,java.lang.String,java.lang.String,boolean,int,int,boolean,long,java.util.ArrayList<java.lang.Object>
[ERROR]   reason: actual and formal argument lists differ in length
[ERROR] /C:/ISPP/Cerebrus/backend/src/test/java/com/cerebrus/tableroTest/TableroControllerTest.java:[86,34] constructor TableroDTO in class com.cerebrus.actividad.tablero.dto.TableroDTO cannot be applied to given types;
[ERROR]   required: java.lang.Long,java.lang.String,java.lang.String,java.lang.Boolean,java.lang.Integer,java.lang.Integer,java.lang.Boolean,java.lang.Long,java.util.List<com.cerebrus.pregunta.dto.PreguntaDTO>,java.lang.Boolean,java.lang.Boolean,java.lang.Boolean,java.lang.Boolean
[ERROR]   found:    long,java.lang.String,java.lang.String,boolean,int,int,boolean,long,java.util.ArrayList<java.lang.Object>
[ERROR]   reason: actual and formal argument lists differ in length
[ERROR] /C:/ISPP/Cerebrus/backend/src/test/java/com/cerebrus/tableroTest/TableroControllerTest.java:[112,34] constructor TableroDTO in class com.cerebrus.actividad.tablero.dto.TableroDTO cannot be applied to given types;
[ERROR]   required: java.lang.Long,java.lang.String,java.lang.String,java.lang.Boolean,java.lang.Integer,java.lang.Integer,java.lang.Boolean,java.lang.Long,java.util.List<com.cerebrus.pregunta.dto.PreguntaDTO>,java.lang.Boolean,java.lang.Boolean,java.lang.Boolean,java.lang.Boolean
[ERROR]   found:    long,java.lang.String,java.lang.String,boolean,int,int,boolean,long,java.util.ArrayList<java.lang.Object>
[ERROR]   reason: actual and formal argument lists differ in length
[ERROR] -> [Help 1]
[ERROR] 
[ERROR] To see the full stack trace of the errors, re-run Maven with the -e switch.
[ERROR] Re-run Maven using the -X switch to enable full debug logging.
[ERROR] 
[ERROR] For more information about the errors and possible solutions, please read the following articles:
[ERROR] [Help 1] http://cwiki.apache.org/confluence/display/MAVEN/MojoFailureException
